=== RUN   TestE2EIntentRoutingValidation
2026/03/10 08:09:29 [Watchdog] Started monitoring with stall threshold 5m0s
=== RUN   TestE2EIntentRoutingValidation/empty_query
2026/03/10 08:09:29 [DCP] Received query: ""
time=2026-03-10T08:09:29.271+02:00 level=INFO msg="Executing tool" component=dcp tool=general_chat confidence=0.5 query_hash=e3b0c442
2026/03/10 08:09:29 [DCP] Query result: I received your query: "". I'm currently in a limited local-only mode. For complex task execution, use the 'openexec run' command.
=== RUN   TestE2EIntentRoutingValidation/help_request
2026/03/10 08:09:29 [DCP] Received query: "help"
time=2026-03-10T08:09:29.272+02:00 level=INFO msg="Executing tool" component=dcp tool=general_chat confidence=0.5 query_hash=106a5842
2026/03/10 08:09:29 [DCP] Query result: I am OpenExec, your deterministic orchestration agent. You can ask me to:
- list project files
- show symbols in a file
- deploy to production
- safe commit your changes
- run the initialization wizard
=== RUN   TestE2EIntentRoutingValidation/gibberish
2026/03/10 08:09:29 [DCP] Received query: "asdf1234xyz"
time=2026-03-10T08:09:29.272+02:00 level=INFO msg="Executing tool" component=dcp tool=general_chat confidence=0.5 query_hash=eb36821d
2026/03/10 08:09:29 [DCP] Query result: I received your query: "asdf1234xyz". I'm currently in a limited local-only mode. For complex task execution, use the 'openexec run' command.
=== RUN   TestE2EIntentRoutingValidation/question
2026/03/10 08:09:29 [DCP] Received query: "What is the weather?"
time=2026-03-10T08:09:29.273+02:00 level=INFO msg="Executing tool" component=dcp tool=general_chat confidence=0.5 query_hash=49c64f94
2026/03/10 08:09:29 [DCP] Query result: I received your query: "what is the weather?". I'm currently in a limited local-only mode. For complex task execution, use the 'openexec run' command.
=== RUN   TestE2EIntentRoutingValidation/deploy_keyword
2026/03/10 08:09:29 [DCP] Received query: "deploy to prod"
time=2026-03-10T08:09:29.273+02:00 level=INFO msg="Executing tool" component=dcp tool=deploy confidence=0.98 query_hash=15d9a6d8
2026/03/10 08:09:29 [DCP] Query result: KNOWLEDGE_MISSING: Deployment instructions for "prod" are not yet in the Deterministic Control Plane.

Please provide the topology (IPs and services), the runtime type (e.g. k8s, docker), and any required auth commands so I can record them for future surgical operations.
=== RUN   TestE2EIntentRoutingValidation/symbol_keyword
2026/03/10 08:09:29 [DCP] Received query: "show function Execute"
time=2026-03-10T08:09:29.273+02:00 level=INFO msg="Executing tool" component=dcp tool=read_symbol confidence=0.95 query_hash=f00a5240
2026/03/10 08:09:29 [DCP] Query error: symbol "Execute" not found in local index
    e2e_validation_test.go:89: Accepted tool execution error (intent routing succeeded): {"error":"symbol \"Execute\" not found in local index"}
=== RUN   TestE2EIntentRoutingValidation/wizard_keyword
2026/03/10 08:09:29 [DCP] Received query: "start wizard"
time=2026-03-10T08:09:29.273+02:00 level=INFO msg="Executing tool" component=dcp tool=general_chat confidence=0.99 query_hash=616dc950
2026/03/10 08:09:29 [DCP] Query result: To start the requirement gathering wizard, run 'openexec wizard' in your terminal.
=== RUN   TestE2EIntentRoutingValidation/unicode_chinese
2026/03/10 08:09:29 [DCP] Received query: "你好世界"
time=2026-03-10T08:09:29.273+02:00 level=INFO msg="Executing tool" component=dcp tool=general_chat confidence=0.5 query_hash=beca6335
2026/03/10 08:09:29 [DCP] Query result: I received your query: "你好世界". I'm currently in a limited local-only mode. For complex task execution, use the 'openexec run' command.
=== RUN   TestE2EIntentRoutingValidation/unicode_japanese
2026/03/10 08:09:29 [DCP] Received query: "こんにちは"
time=2026-03-10T08:09:29.273+02:00 level=INFO msg="Executing tool" component=dcp tool=general_chat confidence=0.5 query_hash=125aeadf
2026/03/10 08:09:29 [DCP] Query result: I received your query: "こんにちは". I'm currently in a limited local-only mode. For complex task execution, use the 'openexec run' command.
=== RUN   TestE2EIntentRoutingValidation/long_query
2026/03/10 08:09:29 [DCP] Received query: "hello hello hello hello hello hello hello hello hello hello hello hello hello hello hello hello hello hello hello hello hello hello hello hello hello hello hello hello hello hello hello hello hello hello hello hello hello hello hello hello hello hello hello hello hello hello hello hello hello hello hello hello hello hello hello hello hello hello hello hello hello hello hello hello hello hello hello hello hello hello hello hello hello hello hello hello hello hello hello hello hello hello hello hello hello hello hello hello hello hello hello hello hello hello hello hello hello hello hello hello "
time=2026-03-10T08:09:29.273+02:00 level=INFO msg="Executing tool" component=dcp tool=general_chat confidence=0.5 query_hash=7e1509a8
2026/03/10 08:09:29 [DCP] Query result: I received your query: "hello hello hello hello hello hello hello hello hello hello hello hello hello hello hello hello hello hello hello hello hello hello hello hello hello hello hello hello hello hello hello hello hello hello hello hello hello hello hello hello hello hello hello hello hello hello hello hello hello hello hello hello hello hello hello hello hello hello hello hello hello hello hello hello hello hello hello hello hello hello hello hello hello hello hello hello hello hello hello hello hello hello hello hello hello hello hello hello hello hello hello hello hello hello hello hello hello hello hello hello". I'm currently in a limited local-only mode. For complex task execution, use the 'openexec run' command.
=== RUN   TestE2EIntentRoutingValidation/special_chars
2026/03/10 08:09:29 [DCP] Received query: "!@#$%^&*()"
time=2026-03-10T08:09:29.274+02:00 level=INFO msg="Executing tool" component=dcp tool=general_chat confidence=0.5 query_hash=95ce789c
2026/03/10 08:09:29 [DCP] Query result: I received your query: "!@#$%^&*()". I'm currently in a limited local-only mode. For complex task execution, use the 'openexec run' command.
=== RUN   TestE2EIntentRoutingValidation/whitespace_only
2026/03/10 08:09:29 [DCP] Received query: "   "
time=2026-03-10T08:09:29.274+02:00 level=INFO msg="Executing tool" component=dcp tool=general_chat confidence=0.5 query_hash=0aad7da7
2026/03/10 08:09:29 [DCP] Query result: I received your query: "". I'm currently in a limited local-only mode. For complex task execution, use the 'openexec run' command.
=== RUN   TestE2EIntentRoutingValidation/newlines
2026/03/10 08:09:29 [DCP] Received query: "hello\nworld\ntesting"
time=2026-03-10T08:09:29.274+02:00 level=INFO msg="Executing tool" component=dcp tool=general_chat confidence=0.5 query_hash=f5e9c3a5
2026/03/10 08:09:29 [DCP] Query result: I received your query: "hello". I'm currently in a limited local-only mode. For complex task execution, use the 'openexec run' command.
=== RUN   TestE2EIntentRoutingValidation/tabs
2026/03/10 08:09:29 [DCP] Received query: "hello\tworld"
time=2026-03-10T08:09:29.274+02:00 level=INFO msg="Executing tool" component=dcp tool=general_chat confidence=0.5 query_hash=3c6a8408
2026/03/10 08:09:29 [DCP] Query result: I received your query: "hello\tworld". I'm currently in a limited local-only mode. For complex task execution, use the 'openexec run' command.
--- PASS: TestE2EIntentRoutingValidation (0.01s)
    --- PASS: TestE2EIntentRoutingValidation/empty_query (0.00s)
    --- PASS: TestE2EIntentRoutingValidation/help_request (0.00s)
    --- PASS: TestE2EIntentRoutingValidation/gibberish (0.00s)
    --- PASS: TestE2EIntentRoutingValidation/question (0.00s)
    --- PASS: TestE2EIntentRoutingValidation/deploy_keyword (0.00s)
    --- PASS: TestE2EIntentRoutingValidation/symbol_keyword (0.00s)
    --- PASS: TestE2EIntentRoutingValidation/wizard_keyword (0.00s)
    --- PASS: TestE2EIntentRoutingValidation/unicode_chinese (0.00s)
    --- PASS: TestE2EIntentRoutingValidation/unicode_japanese (0.00s)
    --- PASS: TestE2EIntentRoutingValidation/long_query (0.00s)
    --- PASS: TestE2EIntentRoutingValidation/special_chars (0.00s)
    --- PASS: TestE2EIntentRoutingValidation/whitespace_only (0.00s)
    --- PASS: TestE2EIntentRoutingValidation/newlines (0.00s)
    --- PASS: TestE2EIntentRoutingValidation/tabs (0.00s)
=== RUN   TestE2ENoConfidenceErrorsOnAnyInput
2026/03/10 08:09:29 [Watchdog] Started monitoring with stall threshold 5m0s
=== RUN   TestE2ENoConfidenceErrorsOnAnyInput/#00
2026/03/10 08:09:29 [DCP] Received query: ""
time=2026-03-10T08:09:29.277+02:00 level=INFO msg="Executing tool" component=dcp tool=general_chat confidence=0.5 query_hash=e3b0c442
2026/03/10 08:09:29 [DCP] Query result: I received your query: "". I'm currently in a limited local-only mode. For complex task execution, use the 'openexec run' command.
=== RUN   TestE2ENoConfidenceErrorsOnAnyInput/a
2026/03/10 08:09:29 [DCP] Received query: "a"
time=2026-03-10T08:09:29.277+02:00 level=INFO msg="Executing tool" component=dcp tool=general_chat confidence=0.5 query_hash=ca978112
2026/03/10 08:09:29 [DCP] Query result: I received your query: "a". I'm currently in a limited local-only mode. For complex task execution, use the 'openexec run' command.
=== RUN   TestE2ENoConfidenceErrorsOnAnyInput/xxxxxxxxxxxxxxxxxxxx
2026/03/10 08:09:29 [DCP] Received query: "xxxxxxxxxxxxxxxxxxxxxxxxxxxxxxxxxxxxxxxxxxxxxxxxxxxxxxxxxxxxxxxxxxxxxxxxxxxxxxxxxxxxxxxxxxxxxxxxxxxxxxxxxxxxxxxxxxxxxxxxxxxxxxxxxxxxxxxxxxxxxxxxxxxxxxxxxxxxxxxxxxxxxxxxxxxxxxxxxxxxxxxxxxxxxxxxxxxxxxxxxxxxxxxxxxxxxxxxxxxxxxxxxxxxxxxxxxxxxxxxxxxxxxxxxxxxxxxxxxxxxxxxxxxxxxxxxxxxxxxxxxxxxxxxxxxxxxxxxxxxxxxxxxxxxxxxxxxxxxxxxxxxxxxxxxxxxxxxxxxxxxxxxxxxxxxxxxxxxxxxxxxxxxxxxxxxxxxxxxxxxxxxxxxxxxxxxxxxxxxxxxxxxxxxxxxxxxxxxxxxxxxxxxxxxxxxxxxxxxxxxxxxxxxxxxxxxxxxxxxxxxxxxxxxxxxxxxxxxxxxxxxxxxxxxxxxxxxxxxxxxxxxxxxxxxxxxxxxxxxxxxxxxxxxxxxxxxxxxxxxxxxxxxxxxxxxxxxxxxxxxxxxxxxxxxxxxxxxxxxxxxxxxxxxxxxxxxxxxxxxxxxxxxxxxxxxxxxxxxxxxxxxxxxxxxxxxxxxxxxxxxxxxxxxxxxxxxxxxxxxxxxxxxxxxxxxxxxxxxxxxxxxxxxxxxxxxxxxxxxxxxxxxxxxxxxxxxxxxxxxxxxxxxxxxxxxxxxxxxxxxxxxxxxxxxxxxxxxxxxxxxxxxxxxxxxxxxxxxxxxxxxxxxxxxxxxxxxxxxxxxxxxxxxxxxxxxxxxxxxxxxxxxxxxxxxxxxxxxxxxxxxxxxxxxxxxxxxxxxxxxxxxxxxxxxxxxxxxxxxxxxxxxxxxxxxxxxxxxxxxxxxxxxxxxxxxxxxxxxxxxxxxxxxxxxxxxxxxxxxxxxxxxxxxxxxxxxxxxxxxxxxxxxxxxxxxxxxxxxxxxxxxxxxxxxxxxxxxxxxxxxxxxxxxxxxxxxxxxxxxxxxxxxxxxxxxxxxxxxxxxxxxxxxxxxxxxxxxxxxxxxxxxxxxxxxxxxxxxxxxxxxxxxxxxxxxxxxxxxxxxxxxxxxxxxxxxxxxxxxxxxxxxxxxxxxxxxxxxxxxxxxxxxxxxxxxxxxxxxxxxxxxxxxxxxxxxxxxxxxxxxxxxxxxxxxxxxxxxxxxxxxxxxxxxxxxxxxxxxxxxxxxxxxxxxxxxxxxxxxxxxxxxxxxxxxxxxxxxxxxxxxxxxxxxxxxxxxxxxxxxxxxxxxxxxxxxxxxxxxxxxxxxxxxxxxxxxxxxxxxxxxxxxxxxxxxxxxxxxxxxxxxxxxxxxxxxxxxxxxxxxxxxxxxxxxxxxxxxxxxxxxxxxxxxxxxxxxxxxxxxxxxxxxxxxxxxxxxxxxxxxxxxxxxxxxxxxxxxxxxxxxxxxxxxxxxxxxxxxxxxxxxxxxxxxxxxxxxxxxxxxxxxxxxxxxxxxxxxxxxxxxxxxxxxxxxxxxxxxxxxxxxxxxxxxxxxxxxxxxxxxxxxxxxxxxxxxxxxxxxxxxxxxxxxxxxxxxxxxxxxxxxxxxxxxxxxxxxxxxxxxxxxxxxxxxxxxxxxxxxxxxxxxxxxxxxxxxxxxxxxxxxxxxxxxxxxxxxxxxxxxxxxxxxxxxxxxxxxxxxxxxxxxxxxxxxxxxxxxxxxxxxxxxxxxxxxxxxxxxxxxxxxxxxxxxxxxxxxxxxxxxxxxxxxxxxxxxxxxxxxxxxxxxxxxxxxxxxxxxxxxxxxxxxxxxxxxxxxxxxxxxxxxxxxxxxxxxxxxxxxxxxxxxxxxxxxxxxxxxxxxxxxxxxxxxxxxxxxxxxxxxxxxxxxxxxxxxxxxxxxxxxxxxxxxxxxxxxxxxxxxxxxxxxxxxxxxxxxxxxxxxxxxxxxxxxxxxxxxxxxxxxxxxxxxxxxxxxxxxxxxxxxxxxxxxxxxxxxxxxxxxxxxxxxxxxxxxxxxxxxxxxxxxxxxxxxxxxxxxxxxxxxxxxxxxxxxxxxxxxxxxxxxxxxxxxxxxxxxxxxxxxxxxxxxxxxxxxxxxxxxxxxxxxxxxxxxxxxxxxxxxxxxxxxxxxxxxxxxxxxxxxxxxxxxxxxxxxxxxxxxxxxxxxxxxxxxxxxxxxxxxxxxxxxxxxxxxxxxxxxxxxxxxxxxxxxxxxxxxxxxxxxxxxxxxxxxxxxxxxxxxxxxxxxxxxxxxxxxxxxxxxxxxxxxxxxxxxxxxxxxxxxxxxxxxxxxxxxxxxxxxxxxxxxxxxxxxxxxxxxxxxxxxxxxxxxxxxxxxxxxxxxxxxxxxxxxxxxxxxxxxxxxxxxxxxxxxxxxxxxxxxxxxxxxxxxxxxxxxxxxxxxxxxxxxxxxxxxxxxxxxxxxxxxxxxxxxxxxxxxxxxxxxxxxxxxxxxxxxxxxxxxxxxxxxxxxxxxxxxxxxxxxxxxxxxxxxxxxxxxxxxxxxxxxxxxxxxxxxxxxxxxxxxxxxxxxxxxxxxxxxxxxxxxxxxxxxxxxxxxxxxxxxxxxxxxxxxxxxxxxxxxxxxxxxxxxxxxxxxxxxxxxxxxxxxxxxxxxxxxxxxxxxxxxxxxxxxxxxxxxxxxxxxxxxxxxxxxxxxxxxxxxxxxxxxxxxxxxxxxxxxxxxxxxxxxxxxxxxxxxxxxxxxxxxxxxxxxxxxxxxxxxxxxxxxxxxxxxxxxxxxxxxxxxxxxxxxxxxxxxxxxxxxxxxxxxxxxxxxxxxxxxxxxxxxxxxxxxxxxxxxxxxxxxxxxxxxxxxxxxxxxxxxxxxxxxxxxxxxxxxxxxxxxxxxxxxxxxxxxxxxxxxxxxxxxxxxxxxxxxxxxxxxxxxxxxxxxxxxxxxxxxxxxxxxxxxxxxxxxxxxxxxxxxxxxxxxxxxxxxxxxxxxxxxxxxxxxxxxxxxxxxxxxxxxxxxxxxxxxxxxxxxxxxxxxxxxxxxxxxxxxxxxxxxxxxxxxxxxxxxxxxxxxxxxxxxxxxxxxxxxxxxxxxxxxxxxxxxxxxxxxxxxxxxxxxxxxxxxxxxxxxxxxxxxxxxxxxxxxxxxxxxxxxxxxxxxxxxxxxxxxxxxxxxxxxxxxxxxxxxxxxxxxxxxxxxxxxxxxxxxxxxxxxxxxxxxxxxxxxxxxxxxxxxxxxxxxxxxxxxxxxxxxxxxxxxxxxxxxxxxxxxxxxxxxxxxxxxxxxxxxxxxxxxxxxxxxxxxxxxxxxxxxxxxxxxxxxxxxxxxxxxxxxxxxxxxxxxxxxxxxxxxxxxxxxxxxxxxxxxxxxxxxxxxxxxxxxxxxxxxxxxxxxxxxxxxxxxxxxxxxxxxxxxxxxxxxxxxxxxxxxxxxxxxxxxxxxxxxxxxxxxxxxxxxxxxxxxxxxxxxxxxxxxxxxxxxxxxxxxxxxxxxxxxxxxxxxxxxxxxxxxxxxxxxxxxxxxxxxxxxxxxxxxxxxxxxxxxxxxxxxxxxxxxxxxxxxxxxxxxxxxxxxxxxxxxxxxxxxxxxxxxxxxxxxxxxxxxxxxxxxxxxxxxxxxxxxxxxxxxxxxxxxxxxxxxxxxxxxxxxxxxxxxxxxxxxxxxxxxxxxxxxxxxxxxxxxxxxxxxxxxxxxxxxxxxxxxxxxxxxxxxxxxxxxxxxxxxxxxxxxxxxxxxxxxxxxxxxxxxxxxxxxxxxxxxxxxxxxxxxxxxxxxxxxxxxxxxxxxxxxxxxxxxxxxxxxxxxxxxxxxxxxxxxxxxxxxxxxxxxxxxxxxxxxxxxxxxxxxxxxxxxxxxxxxxxxxxxxxxxxxxxxxxxxxxxxxxxxxxxxxxxxxxxxxxxxxxxxxxxxxxxxxxxxxxxxxxxxxxxxxxxxxxxxxxxxxxxxxxxxxxxxxxxxxxxxxxxxxxxxxxxxxxxxxxxxxxxxxxxxxxxxxxxxxxxxxxxxxxxxxxxxxxxxxxxxxxxxxxxxxxxxxxxxxxxxxxxxxxxxxxxxxxxxxxxxxxxxxxxxxxxxxxxxxxxxxxxxxxxxxxxxxxxxxxxxxxxxxxxxxxxxxxxxxxxxxxxxxxxxxxxxxxxxxxxxxxxxxxxxxxxxxxxxxxxxxxxxxxxxxxxxxxxxxxxxxxxxxxxxxxxxxxxxxxxxxxxxxxxxxxxxxxxxxxxxxxxxxxxxxxxxxxxxxxxxxxxxxxxxxxxxxxxxxxxxxxxxxxxxxxxxxxxxxxxxxxxxxxxxxxxxxxxxxxxxxxxxxxxxxxxxxxxxxxxxxxxxxxxxxxxxxxxxxxxxxxxxxxxxxxxxxxxxxxxxxxxxxxxxxxxxxxxxxxxxxxxxxxxxxxxxxxxxxxxxxxxxxxxxxxxxxxxxxxxxxxxxxxxxxxxxxxxxxxxxxxxxxxxxxxxxxxxxxxxxxxxxxxxxxxxxxxxxxxxxxxxxxxxxxxxxxxxxxxxxxxxxxxxxxxxxxxxxxxxxxxxxxxxxxxxxxxxxxxxxxxxxxxxxxxxxxxxxxxxxxxxxxxxxxxxxxxxxxxxxxxxxxxxxxxxxxxxxxxxxxxxxxxxxxxxxxxxxxxxxxxxxxxxxxxxxxxxxxxxxxxxxxxxxxxxxxxxxxxxxxxxxxxxxxxxxxxxxxxxxxxxxxxxxxxxxxxxxxxxxxxxxxxxxxxxxxxxxxxxxxxxxxxxxxxxxxxxxxxxxxxxxxxxxxxxxxxxxxxxxxxxxxxxxxxxxxxxxxxxxxxxxxxxxxxxxxxxxxxxxxxxxxxxxxxxxxxxxxxxxxxxxxxxxxxxxxxxxxxxxxxxxxxxxxxxxxxxxxxxxxxxxxxxxxxxxxxxxxxxxxxxxxxxxxxxxxxxxxxxxxxxxxxxxxxxxxxxxxxxxxxxxxxxxxxxxxxxxxxxxxxxxxxxxxxxxxxxxxxxxxxxxxxxxxxxxxxxxxxxxxxxxxxxxxxxxxxxxxxxxxxxxxxxxxxxxxxxxxxxxxxxxxxxxxxxxxxxxxxxxxxxxxxxxxxxxxxxxxxxxxxxxxxxxxxxxxxxxxxxxxxxxxxxxxxxxxxxxxxxxxxxxxxxxxxxxxxxxxxxxxxxxxxxxxxxxxxxxxxxxxxxxxxxxxxxxxxxxxxxxxxxxxxxxxxxxxxxxxxxxxxxxxxxxxxxxxxxxxxxxxxxxxxxxxxxxxxxxxxxxxxxxxxxxxxxxxxxxxxxxxxxxxxxxxxxxxxxxxxxxxxxxxxxxxxxxxxxxxxxxxxxxxxxxxxxxxxxxxxxxxxxxxxxxxxxxxxxxxxxxxxxxxxxxxxxxxxxxxxxxxxxxxxxxxxxxxxxxxxxxxxxxxxxxxxxxxxxxxxxxxxxxxxxxxxxxxxxxxxxxxxxxxxxxxxxxxxxxxxxxxxxxxxxxxxxxxxxxxxxxxxxxxxxxxxxxxxxxxxxxxxxxxxxxxxxxxxxxxxxxxxxxxxxxxxxxxxxxxxxxxxxxxxxxxxxxxxxxxxxxxxxxxxxxxxxxxxxxxxxxxxxxxxxxxxxxxxxxxxxxxxxxxxxxxxxxxxxxxxxxxxxxxxxxxxxxxxxxxxxxxxxxxxxxxxxxxxxxxxxxxxxxxxxxxxxxxxxxxxxxxxxxxxxxxxxxxxxxxxxxxxxxxxxxxxxxxxxxxxxxxxxxxxxxxxxxxxxxxxxxxxxxxxxxxxxxxxxxxxxxxxxxxxxxxxxxxxxxxxxxxxxxxxxxxxxxxxxxxxxxxxxxxxxxxxxxxxxxxxxxxxxxxxxxxxxxxxxxxxxxxxxxxxxxxxxxxxxxxxxxxxxxxxxxxxxxxxxxxxxxxxxxxxxxxxxxxxxxxxxxxxxxxxxxxxxxxxxxxxxxxxxxxxxxxxxxxxxxxxxxxxxxxxxxxxxxxxxxxxxxxxxxxxxxxxxxxxxxxxxxxxxxxxxxxxxxxxxxxxxxxxxxxxxxxxxxxxxxxxxxxxxxxxxxxxxxxxxxxxxxxxxxxxxxxxxxxxxxxxxxxxxxxxxxxxxxxxxxxxxxxxxxxxxxxxxxxxxxxxxxxxxxxxxxxxxxxxxxxxxxxxxxxxxxxxxxxxxxxxxxxxxxxxxxxxxxxxxxxxxxxxxxxxxxxxxxxxxxxxxxxxxxxxxxxxxxxxxxxxxxxxxxxxxxxxxxxxxxxxxxxxxxxxxxxxxxxxxxxxxxxxxxxxxxxxxxxxxxxxxxxxxxxxxxxxxxxxxxxxxxxxxxxxxxxxxxxxxxxxxxxxxxxxxxxxxxxxxxxxxxxxxxxxxxxxxxxxxxxxxxxxxxxxxxxxxxxxxxxxxxxxxxxxxxxxxxxxxxxxxxxxxxxxxxxxxxxxxxxxxxxxxxxxxxxxxxxxxxxxxxxxxxxxxxxxxxxxxxxxxxxxxxxxxxxxxxxxxxxxxxxxxxxxxxxxxxxxxxxxxxxxxxxxxxxxxxxxxxxxxxxxxxxxxxxxxxxxxxxxxxxxxxxxxxxxxxxxxxxxxxxxxxxxxxxxxxxxxxxxxxxxxxxxxxxxxxxxxxxxxxxxxxxxxxxxxxxxxxxxxxxxxxxxxxxxxxxxxxxxxxxxxxxxxxxxxxxxxxxxxxxxxxxxxxxxxxxxxxxxxxxxxxxxxxxxxxxxxxxxxxxxxxxxxxxxxxxxxxxxxxxxxxxxxxxxxxxxxxxxxxxxxxxxxxxxxxxxxxxxxxxxxxxxxxxxxxxxxxxxxxxxxxxxxxxxxxxxxxxxxxxxxxxxxxxxxxxxxxxxxxxxxxxxxxxxxxxxxxxxxxxxxxxxxxxxxxxxxxxxxxxxxxxxxxxxxxxxxxxxxxxxxxxxxxxxxxxxxxxxxxxxxxxxxxxxxxxxxxxxxxxxxxxxxxxxxxxxxxxxxxxxxxxxxxxxxxxxxxxxxxxxxxxxxxxxxxxxxxxxxxxxxxxxxxxxxxxxxxxxxxxxxxxxxxxxxxxxxxxxxxxxxxxxxxxxxxxxxxxxxxxxxxxxxxxxxxxxxxxxxxxxxxxxxxxxxxxxxxxxxxxxxxxxxxxxxxxxxxxxxxxxxxxxxxxxxxxxxxxxxxxxxxxxxxxxxxxxxxxxxxxxxxxxxxxxxxxxxxxxxxxxxxxxxxxxxxxxxxxxxxxxxxxxxxxxxxxxxxxxxxxxxxxxxxxxxxxxxxxxxxxxxxxxxxxxxxxxxxxxxxxxxxxxxxxxxxxxxxxxxxxxxxxxxxxxxxxxxxxxxxxxxxxxxxxxxxxxxxxxxxxxxxxxxxxxxxxxxxxxxxxxxxxxxxxxxxxxxxxxxxxxxxxxxxxxxxxxxxxxxxxxxxxxxxxxxxxxxxxxxxxxxxxxxxxxxxxxxxxxxxxxxxxxxxxxxxxxxxxxxxxxxxxxxxxxxxxxxxxxxxxxxxxxxxxxxxxxxxxxxxxxxxxxxxxxxxxxxxxxxxxxxxxxxxxxxxxxxxxxxxxxxxxxxxxxxxxxxxxxxxxxxxxxxxxxxxxxxxxxxxxxxxxxxxxxxxxxxxxxxxxxxxxxxxxxxxxxxxxxxxxxxxxxxxxxxxxxxxxxxxxxxxxxxxxxxxxxxxxxxxxxxxxxxxxxxxxxxxxxxxxxxxxxxxxxxxxxxxxxxxxxxxxxxxxxxxxxxxxxxxxxxxxxxxxxxxxxxxxxxxxxxxxxxxxxxxxxxxxxxxxxxxxxxxxxxxxxxxxxxxxxxxxxxxxxxxxxxxxxxxxxxxxxxxxxxxxxxxxxxxxxxxxxxxxxxxxxxxxxxxxxxxxxxxxxxxxxxxxxxxxxxxxxxxxxxxxxxxxxxxxxxxxxxxxxxxxxxxxxxxxxxxxxxxxxxxxxxxxxxxxxxxxxxxxxxxxxxxxxxxxxxxxxxxxxxxxxxxxxxxxxxxxxxxxxxxxxxxxxxxxxxxxxxxxxxxxxxxxxxxxxxxxxxxxxxxxxxxxxxxxxxxxxxxxxxxxxxxxxxxxxxxxxxxxxxxxxxxxxxxxxxxxxxxxxxxxxxxxxxxxxxxxxxxxxxxxxxxxxxxxxxxxxxxxxxxxxxxxxxxxxxxxxxxxxxxxxxxxxxxxxxxxxxxxxxxxxxxxxxxxxxxxxxxxxxxxxxxxxxxxxxxxxxxxxxxxxxxxxxxxxxxxxxxxxxxxxxxxxxxxxxxxxxxxxxxxxxxxxxxxxxxxxxxxxxxxxxxxxxxxxxxxxxxxxxxxxxxxxxxxxxxxxxxxxxxxxxxxxxxxxxxxxxxxxxxxxxxxxxxxxxxxxxxxxxxxxxxxxxxxxxxxxxxxxxxxxxxxxxxxxxxxxxxxxxxxxxxxxxxxxxxxxxxxxxxxxxxxxxxxxxxxxxxxxxxxxxxxxxxxxxxxxxxxxxxxxxxxxxxxxxxxxxxxxxxxxxxxxxxxxxxxxxxxxxxxxxxxxxxxxxxxxxxxxxxxxxxxxxxxxxxxxxxxxxxxxxxxxxxxxxxxxxxxxxxxxxxxxxxxxxxxxxxxxxxxxxxxxxxxxxxxxxxxxxxxxxxxxxxxxxxxxxxxxxxxxxxxxxxxxxxxxxxxxxxxxxxxxxxxxxxxxxxxxxxxxxxxxxxxxxxxxxxxxxxxxxxxxxxxxxxxxxxxxxxxxxxxxxxxxxxxxxxxxxxxxxxxxxxxxxxxxxxxxxxxxxxxxxxxxxxxxxxxxxxxxxxxxxxxxxxxxxxxxxxxxxxxxxxxxxxxxxxxxxxxxxxxxxxxxxxxxxxxxxxxxxxxxxxxxxxxxxxxxxxxxxxxxxxxxxxxxxxxxxxxxxxxxxxxxxxxxxxxxxxxxxxxxxxxxxxxxxxxxxxxxxxxxxxxxxxxxxxxxxxxxxxxxxxxxxxxxxxxxxxxxxxxxxxxxxxxxxxxxxxxxxxxxxxxxxxxxxxxxxxxxxxxxxxxxxxxxxxxxxxxxxxxxxxxxxxxxxxxxxxxxxxxxxxxxxxxxxxxxxxxxxxxxxxxxxxxxxxxxxxxxxxxxxxxxxxxxxxxxxxxxxxxxxxxxxxxxxxxxxxxxxxxxxxxxxxxxxxxxxxxxxxxxxxxxxxxxxxxxxxxxxxxxxxxxxxxxxxxxxxxxxxxxxxxxxxxxxxxxxxxxxxxxxxxxxxxxxxxxxxxxxxxxxxxxxxxxxxxxxxxxxxxxxxxxxxxxxxxxxxxxxxxxxxxxxxxxxxxxxxxxxxxxxxxxxxxxxxxxxxxxxxxxxxxxxxxxxxxxxxxxxxxxxxxxxxxxxxxxxxxxxxxxxxxxxxxxxxxxxxxxxxxxxxxxxxxxxxxxxxxxxxxxxxxxxxxxxxxxxxxxxxxxxxxxxxxxxxxxxxxxxxxxxxxxxxxxxxxxxxxxxxxxxxxxxxxxxxxxxxxxxxxxxxxxxxxxxxxxxxxxxxxxxxxxxxxxxxxxxxxxxxxxxxxxxxxxxxxxxxxxxxxxxxxxxxxxxxxxxxxxxxxxxxxxxxxxxxxxxxxxxxxxxxxxxxxxxxxxxxxxxxxxxxxxxxxxxxxxxxxxxxxxxxxxxxxxxxxxxxxxxxxxxxxxxxxxxxxxxxxxxxxxxxxxxxxxxxxxxxxxxxxxxxxxxxxxxxxxxxxxxxxxxxxxxxxxxxxxxxxxxxxxxxxxxxxxxxxxxxxxxxxxxxxxxxxxxxxxxxxxxxxxxxxxxxxxxxxxxxxxxxxxxxxxxxxxxxxxxxxxxxxxxxxxxxxxxxxxxxxxxxxxxxxxxxxxxxxxxxxxxxxxxxxxxxxxxxxxxxxxxxxxxxxxxxxxxxxxxxxxxxxxxxxxxxxxxxxxxxxxxxxxxxxxxxxxxxxxxxxxxxxxxxxxxxxxxxxxxxxxxxxxxxxxxxxxxxxxxxxxxxxxxxxxxxxxxxxxxxxxxxxxxxxxxxxxxxxxxxxxxxxxxxxxxxxxxxxxxxxxxxxxxxxxxxxxxxxxxxxxxxxxxxxxxxxxxxxxxxxxxxxxxxxxxxxxxxxxxxxxxxxxxxxxxxxxxxxxxxxxxxxxxxxxxxxxxxxxxxxxxxxxxxxxxxxxxxxxxxxxxxxxxxxxxxxxxxxxxxxxxxxxxxxxxxxxxxxxxxxxxxxxxxxxxxxxxxxxxxxxxxxxxxxxxxxxxxxxxxxxxxxxxxxx"
time=2026-03-10T08:09:29.281+02:00 level=INFO msg="Executing tool" component=dcp tool=general_chat confidence=0.5 query_hash=e4ee97ec
2026/03/10 08:09:29 [DCP] Query result: I received your query: "xxxxxxxxxxxxxxxxxxxxxxxxxxxxxxxxxxxxxxxxxxxxxxxxxxxxxxxxxxxxxxxxxxxxxxxxxxxxxxxxxxxxxxxxxxxxxxxxxxxxxxxxxxxxxxxxxxxxxxxxxxxxxxxxxxxxxxxxxxxxxxxxxxxxxxxxxxxxxxxxxxxxxxxxxxxxxxxxxxxxxxxxxxxxxxxxxxxxxxxxxxxxxxxxxxxxxxxxxxxxxxxxxxxxxxxxxxxxxxxxxxxxxxxxxxxxxxxxxxxxxxxxxxxxxxxxxxxxxxxxxxxxxxxxxxxxxxxxxxxxxxxxxxxxxxxxxxxxxxxxxxxxxxxxxxxxxxxxxxxxxxxxxxxxxxxxxxxxxxxxxxxxxxxxxxxxxxxxxxxxxxxxxxxxxxxxxxxxxxxxxxxxxxxxxxxxxxxxxxxxxxxxxxxxxxxxxxxxxxxxxxxxxxxxxxxxxxxxxxxxxxxxxxxxxxxxxxxxxxxxxxxxxxxxxxxxxxxxxxxxxxxxxxxxxxxxxxxxxxxxxxxxxxxxxxxxxxxxxxxxxxxxxxxxxxxxxxxxxxxxxxxxxxxxxxxxxxxxxxxxxxxxxxxxxxxxxxxxxxxxxxxxxxxxxxxxxxxxxxxxxxxxxxxxxxxxxxxxxxxxxxxxxxxxxxxxxxxxxxxxxxxxxxxxxxxxxxxxxxxxxxxxxxxxxxxxxxxxxxxxxxxxxxxxxxxxxxxxxxxxxxxxxxxxxxxxxxxxxxxxxxxxxxxxxxxxxxxxxxxxxxxxxxxxxxxxxxxxxxxxxxxxxxxxxxxxxxxxxxxxxxxxxxxxxxxxxxxxxxxxxxxxxxxxxxxxxxxxxxxxxxxxxxxxxxxxxxxxxxxxxxxxxxxxxxxxxxxxxxxxxxxxxxxxxxxxxxxxxxxxxxxxxxxxxxxxxxxxxxxxxxxxxxxxxxxxxxxxxxxxxxxxxxxxxxxxxxxxxxxxxxxxxxxxxxxxxxxxxxxxxxxxxxxxxxxxxxxxxxxxxxxxxxxxxxxxxxxxxxxxxxxxxxxxxxxxxxxxxxxxxxxxxxxxxxxxxxxxxxxxxxxxxxxxxxxxxxxxxxxxxxxxxxxxxxxxxxxxxxxxxxxxxxxxxxxxxxxxxxxxxxxxxxxxxxxxxxxxxxxxxxxxxxxxxxxxxxxxxxxxxxxxxxxxxxxxxxxxxxxxxxxxxxxxxxxxxxxxxxxxxxxxxxxxxxxxxxxxxxxxxxxxxxxxxxxxxxxxxxxxxxxxxxxxxxxxxxxxxxxxxxxxxxxxxxxxxxxxxxxxxxxxxxxxxxxxxxxxxxxxxxxxxxxxxxxxxxxxxxxxxxxxxxxxxxxxxxxxxxxxxxxxxxxxxxxxxxxxxxxxxxxxxxxxxxxxxxxxxxxxxxxxxxxxxxxxxxxxxxxxxxxxxxxxxxxxxxxxxxxxxxxxxxxxxxxxxxxxxxxxxxxxxxxxxxxxxxxxxxxxxxxxxxxxxxxxxxxxxxxxxxxxxxxxxxxxxxxxxxxxxxxxxxxxxxxxxxxxxxxxxxxxxxxxxxxxxxxxxxxxxxxxxxxxxxxxxxxxxxxxxxxxxxxxxxxxxxxxxxxxxxxxxxxxxxxxxxxxxxxxxxxxxxxxxxxxxxxxxxxxxxxxxxxxxxxxxxxxxxxxxxxxxxxxxxxxxxxxxxxxxxxxxxxxxxxxxxxxxxxxxxxxxxxxxxxxxxxxxxxxxxxxxxxxxxxxxxxxxxxxxxxxxxxxxxxxxxxxxxxxxxxxxxxxxxxxxxxxxxxxxxxxxxxxxxxxxxxxxxxxxxxxxxxxxxxxxxxxxxxxxxxxxxxxxxxxxxxxxxxxxxxxxxxxxxxxxxxxxxxxxxxxxxxxxxxxxxxxxxxxxxxxxxxxxxxxxxxxxxxxxxxxxxxxxxxxxxxxxxxxxxxxxxxxxxxxxxxxxxxxxxxxxxxxxxxxxxxxxxxxxxxxxxxxxxxxxxxxxxxxxxxxxxxxxxxxxxxxxxxxxxxxxxxxxxxxxxxxxxxxxxxxxxxxxxxxxxxxxxxxxxxxxxxxxxxxxxxxxxxxxxxxxxxxxxxxxxxxxxxxxxxxxxxxxxxxxxxxxxxxxxxxxxxxxxxxxxxxxxxxxxxxxxxxxxxxxxxxxxxxxxxxxxxxxxxxxxxxxxxxxxxxxxxxxxxxxxxxxxxxxxxxxxxxxxxxxxxxxxxxxxxxxxxxxxxxxxxxxxxxxxxxxxxxxxxxxxxxxxxxxxxxxxxxxxxxxxxxxxxxxxxxxxxxxxxxxxxxxxxxxxxxxxxxxxxxxxxxxxxxxxxxxxxxxxxxxxxxxxxxxxxxxxxxxxxxxxxxxxxxxxxxxxxxxxxxxxxxxxxxxxxxxxxxxxxxxxxxxxxxxxxxxxxxxxxxxxxxxxxxxxxxxxxxxxxxxxxxxxxxxxxxxxxxxxxxxxxxxxxxxxxxxxxxxxxxxxxxxxxxxxxxxxxxxxxxxxxxxxxxxxxxxxxxxxxxxxxxxxxxxxxxxxxxxxxxxxxxxxxxxxxxxxxxxxxxxxxxxxxxxxxxxxxxxxxxxxxxxxxxxxxxxxxxxxxxxxxxxxxxxxxxxxxxxxxxxxxxxxxxxxxxxxxxxxxxxxxxxxxxxxxxxxxxxxxxxxxxxxxxxxxxxxxxxxxxxxxxxxxxxxxxxxxxxxxxxxxxxxxxxxxxxxxxxxxxxxxxxxxxxxxxxxxxxxxxxxxxxxxxxxxxxxxxxxxxxxxxxxxxxxxxxxxxxxxxxxxxxxxxxxxxxxxxxxxxxxxxxxxxxxxxxxxxxxxxxxxxxxxxxxxxxxxxxxxxxxxxxxxxxxxxxxxxxxxxxxxxxxxxxxxxxxxxxxxxxxxxxxxxxxxxxxxxxxxxxxxxxxxxxxxxxxxxxxxxxxxxxxxxxxxxxxxxxxxxxxxxxxxxxxxxxxxxxxxxxxxxxxxxxxxxxxxxxxxxxxxxxxxxxxxxxxxxxxxxxxxxxxxxxxxxxxxxxxxxxxxxxxxxxxxxxxxxxxxxxxxxxxxxxxxxxxxxxxxxxxxxxxxxxxxxxxxxxxxxxxxxxxxxxxxxxxxxxxxxxxxxxxxxxxxxxxxxxxxxxxxxxxxxxxxxxxxxxxxxxxxxxxxxxxxxxxxxxxxxxxxxxxxxxxxxxxxxxxxxxxxxxxxxxxxxxxxxxxxxxxxxxxxxxxxxxxxxxxxxxxxxxxxxxxxxxxxxxxxxxxxxxxxxxxxxxxxxxxxxxxxxxxxxxxxxxxxxxxxxxxxxxxxxxxxxxxxxxxxxxxxxxxxxxxxxxxxxxxxxxxxxxxxxxxxxxxxxxxxxxxxxxxxxxxxxxxxxxxxxxxxxxxxxxxxxxxxxxxxxxxxxxxxxxxxxxxxxxxxxxxxxxxxxxxxxxxxxxxxxxxxxxxxxxxxxxxxxxxxxxxxxxxxxxxxxxxxxxxxxxxxxxxxxxxxxxxxxxxxxxxxxxxxxxxxxxxxxxxxxxxxxxxxxxxxxxxxxxxxxxxxxxxxxxxxxxxxxxxxxxxxxxxxxxxxxxxxxxxxxxxxxxxxxxxxxxxxxxxxxxxxxxxxxxxxxxxxxxxxxxxxxxxxxxxxxxxxxxxxxxxxxxxxxxxxxxxxxxxxxxxxxxxxxxxxxxxxxxxxxxxxxxxxxxxxxxxxxxxxxxxxxxxxxxxxxxxxxxxxxxxxxxxxxxxxxxxxxxxxxxxxxxxxxxxxxxxxxxxxxxxxxxxxxxxxxxxxxxxxxxxxxxxxxxxxxxxxxxxxxxxxxxxxxxxxxxxxxxxxxxxxxxxxxxxxxxxxxxxxxxxxxxxxxxxxxxxxxxxxxxxxxxxxxxxxxxxxxxxxxxxxxxxxxxxxxxxxxxxxxxxxxxxxxxxxxxxxxxxxxxxxxxxxxxxxxxxxxxxxxxxxxxxxxxxxxxxxxxxxxxxxxxxxxxxxxxxxxxxxxxxxxxxxxxxxxxxxxxxxxxxxxxxxxxxxxxxxxxxxxxxxxxxxxxxxxxxxxxxxxxxxxxxxxxxxxxxxxxxxxxxxxxxxxxxxxxxxxxxxxxxxxxxxxxxxxxxxxxxxxxxxxxxxxxxxxxxxxxxxxxxxxxxxxxxxxxxxxxxxxxxxxxxxxxxxxxxxxxxxxxxxxxxxxxxxxxxxxxxxxxxxxxxxxxxxxxxxxxxxxxxxxxxxxxxxxxxxxxxxxxxxxxxxxxxxxxxxxxxxxxxxxxxxxxxxxxxxxxxxxxxxxxxxxxxxxxxxxxxxxxxxxxxxxxxxxxxxxxxxxxxxxxxxxxxxxxxxxxxxxxxxxxxxxxxxxxxxxxxxxxxxxxxxxxxxxxxxxxxxxxxxxxxxxxxxxxxxxxxxxxxxxxxxxxxxxxxxxxxxxxxxxxxxxxxxxxxxxxxxxxxxxxxxxxxxxxxxxxxxxxxxxxxxxxxxxxxxxxxxxxxxxxxxxxxxxxxxxxxxxxxxxxxxxxxxxxxxxxxxxxxxxxxxxxxxxxxxxxxxxxxxxxxxxxxxxxxxxxxxxxxxxxxxxxxxxxxxxxxxxxxxxxxxxxxxxxxxxxxxxxxxxxxxxxxxxxxxxxxxxxxxxxxxxxxxxxxxxxxxxxxxxxxxxxxxxxxxxxxxxxxxxxxxxxxxxxxxxxxxxxxxxxxxxxxxxxxxxxxxxxxxxxxxxxxxxxxxxxxxxxxxxxxxxxxxxxxxxxxxxxxxxxxxxxxxxxxxxxxxxxxxxxxxxxxxxxxxxxxxxxxxxxxxxxxxxxxxxxxxxxxxxxxxxxxxxxxxxxxxxxxxxxxxxxxxxxxxxxxxxxxxxxxxxxxxxxxxxxxxxxxxxxxxxxxxxxxxxxxxxxxxxxxxxxxxxxxxxxxxxxxxxxxxxxxxxxxxxxxxxxxxxxxxxxxxxxxxxxxxxxxxxxxxxxxxxxxxxxxxxxxxxxxxxxxxxxxxxxxxxxxxxxxxxxxxxxxxxxxxxxxxxxxxxxxxxxxxxxxxxxxxxxxxxxxxxxxxxxxxxxxxxxxxxxxxxxxxxxxxxxxxxxxxxxxxxxxxxxxxxxxxxxxxxxxxxxxxxxxxxxxxxxxxxxxxxxxxxxxxxxxxxxxxxxxxxxxxxxxxxxxxxxxxxxxxxxxxxxxxxxxxxxxxxxxxxxxxxxxxxxxxxxxxxxxxxxxxxxxxxxxxxxxxxxxxxxxxxxxxxxxxxxxxxxxxxxxxxxxxxxxxxxxxxxxxxxxxxxxxxxxxxxxxxxxxxxxxxxxxxxxxxxxxxxxxxxxxxxxxxxxxxxxxxxxxxxxxxxxxxxxxxxxxxxxxxxxxxxxxxxxxxxxxxxxxxxxxxxxxxxxxxxxxxxxxxxxxxxxxxxxxxxxxxxxxxxxxxxxxxxxxxxxxxxxxxxxxxxxxxxxxxxxxxxxxxxxxxxxxxxxxxxxxxxxxxxxxxxxxxxxxxxxxxxxxxxxxxxxxxxxxxxxxxxxxxxxxxxxxxxxxxxxxxxxxxxxxxxxxxxxxxxxxxxxxxxxxxxxxxxxxxxxxxxxxxxxxxxxxxxxxxxxxxxxxxxxxxxxxxxxxxxxxxxxxxxxxxxxxxxxxxxxxxxxxxxxxxxxxxxxxxxxxxxxxxxxxxxxxxxxxxxxxxxxxxxxxxxxxxxxxxxxxxxxxxxxxxxxxxxxxxxxxxxxxxxxxxxxxxxxxxxxxxxxxxxxxxxxxxxxxxxxxxxxxxxxxxxxxxxxxxxxxxxxxxxxxxxxxxxxxxxxxxxxxxxxxxxxxxxxxxxxxxxxxxxxxxxxxxxxxxxxxxxxxxxxxxxxxxxxxxxxxxxxxxxxxxxxxxxxxxxxxxxxxxxxxxxxxxxxxxxxxxxxxxxxxxxxxxxxxxxxxxxxxxxxxxxxxxxxxxxxxxxxxxxxxxxxxxxxxxxxxxxxxxxxxxxxxxxxxxxxxxxxxxxxxxxxxxxxxxxxxxxxxxxxxxxxxxxxxxxxxxxxxxxxxxxxxxxxxxxxxxxxxxxxxxxxxxxxxxxxxxxxxxxxxxxxxxxxxxxxxxxxxxxxxxxxxxxxxxxxxxxxxxxxxxxxxxxxxxxxxxxxxxxxxxxxxxxxxxxxxxxxxxxxxxxxxxxxxxxxxxxxxxxxxxxxxxxxxxxxxxxxxxxxxxxxxxxxxxxxxxxxxxxxxxxxxxxxxxxxxxxxxxxxxxxxxxxxxxxxxxxxxxxxxxxxxxxxxxxxxxxxxxxxxxxxxxxxxxxxxxxxxxxxxxxxxxxxxxxxxxxxxxxxxxxxxxxxxxxxxxxxxxxxxxxxxxxxxxxxxxxxxxxxxxxxxxxxxxxxxxxxxxxxxxxxxxxxxxxxxxxxxxxxxxxxxxxxxxxxxxxxxxxxxxxxxxxxxxxxxxxxxxxxxxxxxxxxxxxxxxxxxxxxxxxxxxxxxxxxxxxxxxxxxxxxxxxxxxxxxxxxxxxxxxxxxxxxxxxxxxxxxxxxxxxxxxxxxxxxxxxxxxxxxxxxxxxxxxxxxxxxxxxxxxxxxxxxxxxxxxxxxxxxxxxxxxxxxxxxxxxxxxxxxxxxxxxxxxxxxxxxxxxxxxxxxxxxxxxxxxxxxxxxxxxxxxxxxxxxxxxxxxxxxxxxxxxxxxxxxxxxxxxxxxxxxxxxxxxxxxxxxxxxxxxxxxxxxxxxxxxxxxxxxxxxxxxxxxxxxxxxxxxxxxxxxxxxxxxxxxxxxxxxxxxxxxxxxxxxxxxxxxxxxxxxxxxxxxxxxxxxxxxxxxxxxxxxxxxxxxxxxxxxxxxxxxxxxxxxxxxxxxxxxxxxxxxxxxxxxxxxxxxxxxxxxxxxxxxxxxxxxxxxxxxxxxxxxxxxxxxxxxxxxxxxxxxxxxxxxxxxxxxxxxxxxxxxxxxxxxxxxxxxxxxxxxxxxxxxxxxxxxxxxxxxxxxxxxxxxxxxxxxxxxxxxxxxxxxxxxxxxxxxxxxxxxxxxxxxxxxxxxxxxxxxxxxxxxxxxxxxxxxxxxxxxxxxxxxxxxxxxxxxxxxxxxxxxxxxxxxxxxxxxxxxxxxxxxxxxxxxxxxxxxxxxxxxxxxxxxxxxxxxxxxxxxxxxxxxxxxxxxxxxxxxxxxxxxxxxxxxxxxxxxxxxxxxxxxxxxxxxxxxxxxxxxxxxxxxxxxxxxxxxxxxxxxxxxxxxxxxxxxxxxxxxxxxxxxxxxxxxxxxxxxxxxxxxxxxxxxxxxxxxxxxxxxxxxxxxxxxxxxxxxxxxxxxxxxxxxxxxxxxxxxxxxxxxxxxxxxxxxxxxxxxxxxxxxxxxxxxxxxxxxxxxxxxxxxxxxxxxxxxxxxxxxxxxxxxxxxxxxxxxxxxxxxxxxxxxxxxxxxxxxxxxxxxxxxxxxxxxxxxxxxxxxxxxxxxxxxxxxxxxxxxxxxxxxxxxxxxxxxxxxxxxxxxxxxxxxxxxxxxxxxxxxxxxxxxxxxxxxxxxxxxxxxxxxxxxxxxxxxxxxxxxxxxxxxxxxxxxxxxxxxxxxxxxxxxxxxxxxxxxxxxxxxxxxxxxxxxxxxxxxxxxxxxxxxxxxxxxxxxxxxxxxxxxxxxxxxxxxxxxxxxxxxxxxxxxxxxxxxxxxxxxxxxxxxxxxxxxxxxxxxxxxxxxxxxxxxxxxxxxxxxxxxxxxxxxxxxxxxxxxxxxxxxxxxxxxxxxxxxxxxxxxxxxxxxxxxxxxxxxxxxxxxxxxxxxxxxxxxxxxxxxxxxxxxxxxxxxxxxxxxxxxxxxxxxxxxxxxxxxxxxxxxxxxxxxxxxxxxxxxxxxxxxxxxxxxxxxxxxxxxxxxxxxxxxxxxxxxxxxxxxxxxxxxxxxxxxxxxxxxxxxxxxxxxxxxxxxxxxxxxxxxxxxxxxxxxxxxxxxxxxxxxxxxxxxxxxxxxxxxxxxxxxxxxxxxxxxxxxxxxxxxxxxxxxxxxxxxxxxxxxxxxxxxxxxxxxxxxxxxxxxxxxxxxxxxxxxxxxxxxxxxxxxxxxxxxxxxxxxxxxxxxxxxxxxxxxxxxxxxxxxxxxxxxxxxxxxxxxxxxxxxxxxxxxxxxxxxxxxxxxxxxxxxxxxxxxxxxxxxxxxxxxxxxxxxxxxxxxxxxxxxxxxxxxxxxxxxxxxxxxxxxxxxxxxxxxxxxxxxxxxxxxxxxxxxxxxxxxxxxxxxxxxxxxxxxxxxxxxxxxxxxxxxxxxxxxxxxxxxxxxxxxxxxxxxxxxxxxxxxxxxxxxxxxxxxxxxxxxxxxxxxxxxxxxxxxxxxxxxxxxxxxxxxxxxxxxxxxxxxxxxxxxxxxxxxxxxxxxxxxxxxxxxxxxxxxxxxxxxxxxxxxxxxxxxxxxxxxxxxxxxxxxxxxxxxxxxxxxxxxxxxxxxxxxxxxxxxxxxxxxxxxxxxxxxxxxxxxxxxxxxxxxxxxxxxxxxxxxxxxxxxxxxxxxxxxxxxxxxxxxxxxxxxxxxxxxxxxxxxxxxxxxxxxxxxxxxxxxxxxxxxxxxxxxxxxxxxxxxxxxxxxxxxxxxxxxxxxxxxxxxxxxxxxxxxxxxxxxxxxxxxxxxxxxxxxxxxxxxxxxxxxxxxxxxxxxxxxxxxxxxxxxxxxxxxxxxxxxxxxxxxxxxxxxxxxxxxxxxxxxxxxxxxxxxxxxxxxxxxxxxxxxxxxxxxxxxxxxxxxxxxxxxxxxxxxxxxxxxxxxxxxxxxxxxxxxxxxxxxxxxxxxxxxxxxxxxxxxxxxxxxxxxxxxxxxxxxxxxxxxxxxxxxxxxxxxxxxxxxxxxxxxxxxxxxxxxxxxxxxxxxxxxxxxxxxxxxxxxxxxxxxxxxxxxxxxxxxxxxxxxxxxxxxxxxxxxxxxxxxxxxxxxxxxxxxxxxxxxxxxxxxxxxxxxxxxxxxxxxxxxxxxxxxxxxxxxxxxxxxxxxxxxxxxxxxxxxxxxxxxxxxxxxxxxxxxxxxxxxxxxxxxxxxxxxxxxxxxxxxxxxxxxxxxxxxxxxxxxxxxxxxxxxxxxxxxxxxxxxxxxxxxxxxxxxxxxxxxxxxxxxxxxxxxxxxxxxxxxxxxxxxxxxxxxxxxxxxxxxxxxxxxxxxxxxxxxxxxxxxxxxxxxxxxxxxxxxxxxxxxxxxxxxxxxxxxxxxxxxxxxxxxxxxxxxxxxxxxxxxxxxxxxxxxxxxxxxxxxxxxxxxxxxxxxxxxxxxxxxxxxxxxxxxxxxxxxxxxxxxxxxxxxxxxxxxxxxxxxxxxxxxxxxxxxxxxxxxxxxxxxxxxxxxxxxxxxxxxxxxxxxxxxxxxxxxxxxxxxxxxxxxxxxxxxxxxxxxxxxxxxxxxxxxxxxxxxxxxxxxxxxxxxxxxxxxxxxxxxxxxxxxxxxxxxxxxxxxxxxxxxxxxxxxxxxxxxxxxxxxxxxxxxxxxxxxxxxxxxxxxxxxxxxxxxxxxxxxxxxxxxxxxxxxxxxxxxxxxxxxxxxxxxxxxxxxxxxxxxxxxxxxxxxxxxxxxxxxxxxxxxxxxxxxxxxxxxxxxxxxxxxxxxxxxxxxxxxxxxxxxxxxxxxxxxxxxxxxxxxxxxxxxxxxxxxxxxxxxxxxxxxxxxxxxxxxxxxxxxxxxxxxxxxxxxxxxxxxxxxxxxxxxxxxxxxxxxxxxxxxxxxxxxxxxxxxxxxxxxxxxxxxxxxxxxxxxxxxxxxxxxxxxxxxxxxxxxxxxxxxxxxxxxxxxxxxxxxxxxxxxxxxxxxxxxxxxxxxxxxxxxxxxxxxxxxxxxxxxxxxxxxxxxxxxxxxxxxxxxxxxxxxxxxxxxxxxxxxxxxxxxxxxxxxxxxxxxxxxxxxxxxxxxxxxxxxxxxxxxxxxxxxxxxxxxxxxxxxxxxxxxxxxxxxxxxxxxxxxxxxxxxxxxxxxxxxxxxxxxxxxxxxxxxxxxxxxxxxxxxxxxxxxxxxxxxxxxxxxxxxxxxxxxxxxxxxxxxxxxxxxxxxxxxxxxxxxxxxxxxxxxxxxxxxxxxxxxxxxxxxxxxxxxxxxxxxxxxxxxxxxxxxxxxxxxxxxxxxxxxxxxxxxxxxxxxxxxxxxxxxxxxxxxxxxxxxxxxxxxxxxxxxxxxxxxxxxxxxxxxxxxxxxxxxxx". I'm currently in a limited local-only mode. For complex task execution, use the 'openexec run' command.
=== RUN   TestE2ENoConfidenceErrorsOnAnyInput/SELECT_*_FROM_users;
2026/03/10 08:09:29 [DCP] Received query: "SELECT * FROM users; DROP TABLE users;"
time=2026-03-10T08:09:29.281+02:00 level=INFO msg="Executing tool" component=dcp tool=general_chat confidence=0.5 query_hash=1c105fd9
2026/03/10 08:09:29 [DCP] Query result: I received your query: "select * from users; drop table users;". I'm currently in a limited local-only mode. For complex task execution, use the 'openexec run' command.
=== RUN   TestE2ENoConfidenceErrorsOnAnyInput/<script>alert('xss')
2026/03/10 08:09:29 [DCP] Received query: "<script>alert('xss')</script>"
time=2026-03-10T08:09:29.281+02:00 level=INFO msg="Executing tool" component=dcp tool=general_chat confidence=0.5 query_hash=697037c5
2026/03/10 08:09:29 [DCP] Query result: I received your query: "<script>alert('xss')</script>". I'm currently in a limited local-only mode. For complex task execution, use the 'openexec run' command.
=== RUN   TestE2ENoConfidenceErrorsOnAnyInput/../../etc/passwd
2026/03/10 08:09:29 [DCP] Received query: "../../etc/passwd"
time=2026-03-10T08:09:29.281+02:00 level=INFO msg="Executing tool" component=dcp tool=general_chat confidence=0.5 query_hash=3754d6cb
2026/03/10 08:09:29 [DCP] Query result: I received your query: "../../etc/passwd". I'm currently in a limited local-only mode. For complex task execution, use the 'openexec run' command.
=== RUN   TestE2ENoConfidenceErrorsOnAnyInput/null
2026/03/10 08:09:29 [DCP] Received query: "null"
time=2026-03-10T08:09:29.281+02:00 level=INFO msg="Executing tool" component=dcp tool=general_chat confidence=0.5 query_hash=74234e98
2026/03/10 08:09:29 [DCP] Query result: I received your query: "null". I'm currently in a limited local-only mode. For complex task execution, use the 'openexec run' command.
=== RUN   TestE2ENoConfidenceErrorsOnAnyInput/undefined
2026/03/10 08:09:29 [DCP] Received query: "undefined"
time=2026-03-10T08:09:29.282+02:00 level=INFO msg="Executing tool" component=dcp tool=general_chat confidence=0.5 query_hash=eb045d78
2026/03/10 08:09:29 [DCP] Query result: I received your query: "undefined". I'm currently in a limited local-only mode. For complex task execution, use the 'openexec run' command.
=== RUN   TestE2ENoConfidenceErrorsOnAnyInput/true
2026/03/10 08:09:29 [DCP] Received query: "true"
time=2026-03-10T08:09:29.282+02:00 level=INFO msg="Executing tool" component=dcp tool=general_chat confidence=0.5 query_hash=b5bea41b
2026/03/10 08:09:29 [DCP] Query result: I received your query: "true". I'm currently in a limited local-only mode. For complex task execution, use the 'openexec run' command.
=== RUN   TestE2ENoConfidenceErrorsOnAnyInput/12345
2026/03/10 08:09:29 [DCP] Received query: "12345"
time=2026-03-10T08:09:29.282+02:00 level=INFO msg="Executing tool" component=dcp tool=general_chat confidence=0.5 query_hash=5994471a
2026/03/10 08:09:29 [DCP] Query result: I received your query: "12345". I'm currently in a limited local-only mode. For complex task execution, use the 'openexec run' command.
=== RUN   TestE2ENoConfidenceErrorsOnAnyInput/{"nested":_"json"}
2026/03/10 08:09:29 [DCP] Received query: "{\"nested\": \"json\"}"
time=2026-03-10T08:09:29.282+02:00 level=INFO msg="Executing tool" component=dcp tool=general_chat confidence=0.5 query_hash=f3c1ec21
2026/03/10 08:09:29 [DCP] Query result: I received your query: "{\"nested\": \"json\"}". I'm currently in a limited local-only mode. For complex task execution, use the 'openexec run' command.
=== RUN   TestE2ENoConfidenceErrorsOnAnyInput/🚀🔥💻
2026/03/10 08:09:29 [DCP] Received query: "🚀🔥💻"
time=2026-03-10T08:09:29.282+02:00 level=INFO msg="Executing tool" component=dcp tool=general_chat confidence=0.5 query_hash=80c739e5
2026/03/10 08:09:29 [DCP] Query result: I received your query: "🚀🔥💻". I'm currently in a limited local-only mode. For complex task execution, use the 'openexec run' command.
=== RUN   TestE2ENoConfidenceErrorsOnAnyInput/\x00\x01\x02
2026/03/10 08:09:29 [DCP] Received query: "\x00\x01\x02"
time=2026-03-10T08:09:29.282+02:00 level=INFO msg="Executing tool" component=dcp tool=general_chat confidence=0.5 query_hash=ae4b3280
2026/03/10 08:09:29 [DCP] Query result: I received your query: "". I'm currently in a limited local-only mode. For complex task execution, use the 'openexec run' command.
=== RUN   TestE2ENoConfidenceErrorsOnAnyInput/hello\nworld
2026/03/10 08:09:29 [DCP] Received query: "hello\nworld"
time=2026-03-10T08:09:29.282+02:00 level=INFO msg="Executing tool" component=dcp tool=general_chat confidence=0.5 query_hash=26c60a61
2026/03/10 08:09:29 [DCP] Query result: I received your query: "hello". I'm currently in a limited local-only mode. For complex task execution, use the 'openexec run' command.
=== RUN   TestE2ENoConfidenceErrorsOnAnyInput/foo_bar_baz
2026/03/10 08:09:29 [DCP] Received query: "foo\tbar\tbaz"
time=2026-03-10T08:09:29.282+02:00 level=INFO msg="Executing tool" component=dcp tool=general_chat confidence=0.5 query_hash=4d48c849
2026/03/10 08:09:29 [DCP] Query result: I received your query: "foo\tbar\tbaz". I'm currently in a limited local-only mode. For complex task execution, use the 'openexec run' command.
--- PASS: TestE2ENoConfidenceErrorsOnAnyInput (0.01s)
    --- PASS: TestE2ENoConfidenceErrorsOnAnyInput/#00 (0.00s)
    --- PASS: TestE2ENoConfidenceErrorsOnAnyInput/a (0.00s)
    --- PASS: TestE2ENoConfidenceErrorsOnAnyInput/xxxxxxxxxxxxxxxxxxxx (0.00s)
    --- PASS: TestE2ENoConfidenceErrorsOnAnyInput/SELECT_*_FROM_users; (0.00s)
    --- PASS: TestE2ENoConfidenceErrorsOnAnyInput/<script>alert('xss') (0.00s)
    --- PASS: TestE2ENoConfidenceErrorsOnAnyInput/../../etc/passwd (0.00s)
    --- PASS: TestE2ENoConfidenceErrorsOnAnyInput/null (0.00s)
    --- PASS: TestE2ENoConfidenceErrorsOnAnyInput/undefined (0.00s)
    --- PASS: TestE2ENoConfidenceErrorsOnAnyInput/true (0.00s)
    --- PASS: TestE2ENoConfidenceErrorsOnAnyInput/12345 (0.00s)
    --- PASS: TestE2ENoConfidenceErrorsOnAnyInput/{"nested":_"json"} (0.00s)
    --- PASS: TestE2ENoConfidenceErrorsOnAnyInput/🚀🔥💻 (0.00s)
    --- PASS: TestE2ENoConfidenceErrorsOnAnyInput/\x00\x01\x02 (0.00s)
    --- PASS: TestE2ENoConfidenceErrorsOnAnyInput/hello\nworld (0.00s)
    --- PASS: TestE2ENoConfidenceErrorsOnAnyInput/foo_bar_baz (0.00s)
=== RUN   TestE2ERapidSequentialQueries
2026/03/10 08:09:29 [Watchdog] Started monitoring with stall threshold 5m0s
2026/03/10 08:09:29 [DCP] Received query: "help"
time=2026-03-10T08:09:29.285+02:00 level=INFO msg="Executing tool" component=dcp tool=general_chat confidence=0.5 query_hash=106a5842
2026/03/10 08:09:29 [DCP] Query result: I am OpenExec, your deterministic orchestration agent. You can ask me to:
- list project files
- show symbols in a file
- deploy to production
- safe commit your changes
- run the initialization wizard
2026/03/10 08:09:29 [DCP] Received query: "deploy"
time=2026-03-10T08:09:29.285+02:00 level=INFO msg="Executing tool" component=dcp tool=deploy confidence=0.98 query_hash=b7bd55c1
2026/03/10 08:09:29 [DCP] Query result: KNOWLEDGE_MISSING: Deployment instructions for "prod" are not yet in the Deterministic Control Plane.

Please provide the topology (IPs and services), the runtime type (e.g. k8s, docker), and any required auth commands so I can record them for future surgical operations.
2026/03/10 08:09:29 [DCP] Received query: "wizard"
time=2026-03-10T08:09:29.285+02:00 level=INFO msg="Executing tool" component=dcp tool=general_chat confidence=0.99 query_hash=67a7d577
2026/03/10 08:09:29 [DCP] Query result: To start the requirement gathering wizard, run 'openexec wizard' in your terminal.
2026/03/10 08:09:29 [DCP] Received query: "asdf"
time=2026-03-10T08:09:29.285+02:00 level=INFO msg="Executing tool" component=dcp tool=general_chat confidence=0.5 query_hash=f0e4c2f7
2026/03/10 08:09:29 [DCP] Query result: I received your query: "asdf". I'm currently in a limited local-only mode. For complex task execution, use the 'openexec run' command.
2026/03/10 08:09:29 [DCP] Received query: "test"
time=2026-03-10T08:09:29.285+02:00 level=INFO msg="Executing tool" component=dcp tool=general_chat confidence=0.5 query_hash=9f86d081
2026/03/10 08:09:29 [DCP] Query result: I received your query: "test". I'm currently in a limited local-only mode. For complex task execution, use the 'openexec run' command.
2026/03/10 08:09:29 [DCP] Received query: "hello"
time=2026-03-10T08:09:29.285+02:00 level=INFO msg="Executing tool" component=dcp tool=general_chat confidence=0.5 query_hash=2cf24dba
2026/03/10 08:09:29 [DCP] Query result: I received your query: "hello". I'm currently in a limited local-only mode. For complex task execution, use the 'openexec run' command.
2026/03/10 08:09:29 [DCP] Received query: "help"
time=2026-03-10T08:09:29.285+02:00 level=INFO msg="Executing tool" component=dcp tool=general_chat confidence=0.5 query_hash=106a5842
2026/03/10 08:09:29 [DCP] Query result: I am OpenExec, your deterministic orchestration agent. You can ask me to:
- list project files
- show symbols in a file
- deploy to production
- safe commit your changes
- run the initialization wizard
2026/03/10 08:09:29 [DCP] Received query: "deploy"
time=2026-03-10T08:09:29.285+02:00 level=INFO msg="Executing tool" component=dcp tool=deploy confidence=0.98 query_hash=b7bd55c1
2026/03/10 08:09:29 [DCP] Query result: KNOWLEDGE_MISSING: Deployment instructions for "prod" are not yet in the Deterministic Control Plane.

Please provide the topology (IPs and services), the runtime type (e.g. k8s, docker), and any required auth commands so I can record them for future surgical operations.
2026/03/10 08:09:29 [DCP] Received query: "wizard"
time=2026-03-10T08:09:29.285+02:00 level=INFO msg="Executing tool" component=dcp tool=general_chat confidence=0.99 query_hash=67a7d577
2026/03/10 08:09:29 [DCP] Query result: To start the requirement gathering wizard, run 'openexec wizard' in your terminal.
2026/03/10 08:09:29 [DCP] Received query: "asdf"
time=2026-03-10T08:09:29.285+02:00 level=INFO msg="Executing tool" component=dcp tool=general_chat confidence=0.5 query_hash=f0e4c2f7
2026/03/10 08:09:29 [DCP] Query result: I received your query: "asdf". I'm currently in a limited local-only mode. For complex task execution, use the 'openexec run' command.
2026/03/10 08:09:29 [DCP] Received query: "test"
time=2026-03-10T08:09:29.286+02:00 level=INFO msg="Executing tool" component=dcp tool=general_chat confidence=0.5 query_hash=9f86d081
2026/03/10 08:09:29 [DCP] Query result: I received your query: "test". I'm currently in a limited local-only mode. For complex task execution, use the 'openexec run' command.
2026/03/10 08:09:29 [DCP] Received query: "hello"
time=2026-03-10T08:09:29.286+02:00 level=INFO msg="Executing tool" component=dcp tool=general_chat confidence=0.5 query_hash=2cf24dba
2026/03/10 08:09:29 [DCP] Query result: I received your query: "hello". I'm currently in a limited local-only mode. For complex task execution, use the 'openexec run' command.
2026/03/10 08:09:29 [DCP] Received query: "help"
time=2026-03-10T08:09:29.286+02:00 level=INFO msg="Executing tool" component=dcp tool=general_chat confidence=0.5 query_hash=106a5842
2026/03/10 08:09:29 [DCP] Query result: I am OpenExec, your deterministic orchestration agent. You can ask me to:
- list project files
- show symbols in a file
- deploy to production
- safe commit your changes
- run the initialization wizard
2026/03/10 08:09:29 [DCP] Received query: "deploy"
time=2026-03-10T08:09:29.286+02:00 level=INFO msg="Executing tool" component=dcp tool=deploy confidence=0.98 query_hash=b7bd55c1
2026/03/10 08:09:29 [DCP] Query result: KNOWLEDGE_MISSING: Deployment instructions for "prod" are not yet in the Deterministic Control Plane.

Please provide the topology (IPs and services), the runtime type (e.g. k8s, docker), and any required auth commands so I can record them for future surgical operations.
2026/03/10 08:09:29 [DCP] Received query: "wizard"
time=2026-03-10T08:09:29.286+02:00 level=INFO msg="Executing tool" component=dcp tool=general_chat confidence=0.99 query_hash=67a7d577
2026/03/10 08:09:29 [DCP] Query result: To start the requirement gathering wizard, run 'openexec wizard' in your terminal.
2026/03/10 08:09:29 [DCP] Received query: "asdf"
time=2026-03-10T08:09:29.286+02:00 level=INFO msg="Executing tool" component=dcp tool=general_chat confidence=0.5 query_hash=f0e4c2f7
2026/03/10 08:09:29 [DCP] Query result: I received your query: "asdf". I'm currently in a limited local-only mode. For complex task execution, use the 'openexec run' command.
2026/03/10 08:09:29 [DCP] Received query: "test"
time=2026-03-10T08:09:29.286+02:00 level=INFO msg="Executing tool" component=dcp tool=general_chat confidence=0.5 query_hash=9f86d081
2026/03/10 08:09:29 [DCP] Query result: I received your query: "test". I'm currently in a limited local-only mode. For complex task execution, use the 'openexec run' command.
2026/03/10 08:09:29 [DCP] Received query: "hello"
time=2026-03-10T08:09:29.286+02:00 level=INFO msg="Executing tool" component=dcp tool=general_chat confidence=0.5 query_hash=2cf24dba
2026/03/10 08:09:29 [DCP] Query result: I received your query: "hello". I'm currently in a limited local-only mode. For complex task execution, use the 'openexec run' command.
2026/03/10 08:09:29 [DCP] Received query: "help"
time=2026-03-10T08:09:29.286+02:00 level=INFO msg="Executing tool" component=dcp tool=general_chat confidence=0.5 query_hash=106a5842
2026/03/10 08:09:29 [DCP] Query result: I am OpenExec, your deterministic orchestration agent. You can ask me to:
- list project files
- show symbols in a file
- deploy to production
- safe commit your changes
- run the initialization wizard
2026/03/10 08:09:29 [DCP] Received query: "deploy"
time=2026-03-10T08:09:29.286+02:00 level=INFO msg="Executing tool" component=dcp tool=deploy confidence=0.98 query_hash=b7bd55c1
2026/03/10 08:09:29 [DCP] Query result: KNOWLEDGE_MISSING: Deployment instructions for "prod" are not yet in the Deterministic Control Plane.

Please provide the topology (IPs and services), the runtime type (e.g. k8s, docker), and any required auth commands so I can record them for future surgical operations.
2026/03/10 08:09:29 [DCP] Received query: "wizard"
time=2026-03-10T08:09:29.286+02:00 level=INFO msg="Executing tool" component=dcp tool=general_chat confidence=0.99 query_hash=67a7d577
2026/03/10 08:09:29 [DCP] Query result: To start the requirement gathering wizard, run 'openexec wizard' in your terminal.
2026/03/10 08:09:29 [DCP] Received query: "asdf"
time=2026-03-10T08:09:29.286+02:00 level=INFO msg="Executing tool" component=dcp tool=general_chat confidence=0.5 query_hash=f0e4c2f7
2026/03/10 08:09:29 [DCP] Query result: I received your query: "asdf". I'm currently in a limited local-only mode. For complex task execution, use the 'openexec run' command.
2026/03/10 08:09:29 [DCP] Received query: "test"
time=2026-03-10T08:09:29.286+02:00 level=INFO msg="Executing tool" component=dcp tool=general_chat confidence=0.5 query_hash=9f86d081
2026/03/10 08:09:29 [DCP] Query result: I received your query: "test". I'm currently in a limited local-only mode. For complex task execution, use the 'openexec run' command.
2026/03/10 08:09:29 [DCP] Received query: "hello"
time=2026-03-10T08:09:29.286+02:00 level=INFO msg="Executing tool" component=dcp tool=general_chat confidence=0.5 query_hash=2cf24dba
2026/03/10 08:09:29 [DCP] Query result: I received your query: "hello". I'm currently in a limited local-only mode. For complex task execution, use the 'openexec run' command.
2026/03/10 08:09:29 [DCP] Received query: "help"
time=2026-03-10T08:09:29.286+02:00 level=INFO msg="Executing tool" component=dcp tool=general_chat confidence=0.5 query_hash=106a5842
2026/03/10 08:09:29 [DCP] Query result: I am OpenExec, your deterministic orchestration agent. You can ask me to:
- list project files
- show symbols in a file
- deploy to production
- safe commit your changes
- run the initialization wizard
2026/03/10 08:09:29 [DCP] Received query: "deploy"
time=2026-03-10T08:09:29.286+02:00 level=INFO msg="Executing tool" component=dcp tool=deploy confidence=0.98 query_hash=b7bd55c1
2026/03/10 08:09:29 [DCP] Query result: KNOWLEDGE_MISSING: Deployment instructions for "prod" are not yet in the Deterministic Control Plane.

Please provide the topology (IPs and services), the runtime type (e.g. k8s, docker), and any required auth commands so I can record them for future surgical operations.
2026/03/10 08:09:29 [DCP] Received query: "wizard"
time=2026-03-10T08:09:29.286+02:00 level=INFO msg="Executing tool" component=dcp tool=general_chat confidence=0.99 query_hash=67a7d577
2026/03/10 08:09:29 [DCP] Query result: To start the requirement gathering wizard, run 'openexec wizard' in your terminal.
2026/03/10 08:09:29 [DCP] Received query: "asdf"
time=2026-03-10T08:09:29.286+02:00 level=INFO msg="Executing tool" component=dcp tool=general_chat confidence=0.5 query_hash=f0e4c2f7
2026/03/10 08:09:29 [DCP] Query result: I received your query: "asdf". I'm currently in a limited local-only mode. For complex task execution, use the 'openexec run' command.
2026/03/10 08:09:29 [DCP] Received query: "test"
time=2026-03-10T08:09:29.286+02:00 level=INFO msg="Executing tool" component=dcp tool=general_chat confidence=0.5 query_hash=9f86d081
2026/03/10 08:09:29 [DCP] Query result: I received your query: "test". I'm currently in a limited local-only mode. For complex task execution, use the 'openexec run' command.
2026/03/10 08:09:29 [DCP] Received query: "hello"
time=2026-03-10T08:09:29.286+02:00 level=INFO msg="Executing tool" component=dcp tool=general_chat confidence=0.5 query_hash=2cf24dba
2026/03/10 08:09:29 [DCP] Query result: I received your query: "hello". I'm currently in a limited local-only mode. For complex task execution, use the 'openexec run' command.
2026/03/10 08:09:29 [DCP] Received query: "help"
time=2026-03-10T08:09:29.286+02:00 level=INFO msg="Executing tool" component=dcp tool=general_chat confidence=0.5 query_hash=106a5842
2026/03/10 08:09:29 [DCP] Query result: I am OpenExec, your deterministic orchestration agent. You can ask me to:
- list project files
- show symbols in a file
- deploy to production
- safe commit your changes
- run the initialization wizard
2026/03/10 08:09:29 [DCP] Received query: "deploy"
time=2026-03-10T08:09:29.286+02:00 level=INFO msg="Executing tool" component=dcp tool=deploy confidence=0.98 query_hash=b7bd55c1
2026/03/10 08:09:29 [DCP] Query result: KNOWLEDGE_MISSING: Deployment instructions for "prod" are not yet in the Deterministic Control Plane.

Please provide the topology (IPs and services), the runtime type (e.g. k8s, docker), and any required auth commands so I can record them for future surgical operations.
2026/03/10 08:09:29 [DCP] Received query: "wizard"
time=2026-03-10T08:09:29.286+02:00 level=INFO msg="Executing tool" component=dcp tool=general_chat confidence=0.99 query_hash=67a7d577
2026/03/10 08:09:29 [DCP] Query result: To start the requirement gathering wizard, run 'openexec wizard' in your terminal.
2026/03/10 08:09:29 [DCP] Received query: "asdf"
time=2026-03-10T08:09:29.286+02:00 level=INFO msg="Executing tool" component=dcp tool=general_chat confidence=0.5 query_hash=f0e4c2f7
2026/03/10 08:09:29 [DCP] Query result: I received your query: "asdf". I'm currently in a limited local-only mode. For complex task execution, use the 'openexec run' command.
2026/03/10 08:09:29 [DCP] Received query: "test"
time=2026-03-10T08:09:29.286+02:00 level=INFO msg="Executing tool" component=dcp tool=general_chat confidence=0.5 query_hash=9f86d081
2026/03/10 08:09:29 [DCP] Query result: I received your query: "test". I'm currently in a limited local-only mode. For complex task execution, use the 'openexec run' command.
2026/03/10 08:09:29 [DCP] Received query: "hello"
time=2026-03-10T08:09:29.286+02:00 level=INFO msg="Executing tool" component=dcp tool=general_chat confidence=0.5 query_hash=2cf24dba
2026/03/10 08:09:29 [DCP] Query result: I received your query: "hello". I'm currently in a limited local-only mode. For complex task execution, use the 'openexec run' command.
2026/03/10 08:09:29 [DCP] Received query: "help"
time=2026-03-10T08:09:29.286+02:00 level=INFO msg="Executing tool" component=dcp tool=general_chat confidence=0.5 query_hash=106a5842
2026/03/10 08:09:29 [DCP] Query result: I am OpenExec, your deterministic orchestration agent. You can ask me to:
- list project files
- show symbols in a file
- deploy to production
- safe commit your changes
- run the initialization wizard
2026/03/10 08:09:29 [DCP] Received query: "deploy"
time=2026-03-10T08:09:29.286+02:00 level=INFO msg="Executing tool" component=dcp tool=deploy confidence=0.98 query_hash=b7bd55c1
2026/03/10 08:09:29 [DCP] Query result: KNOWLEDGE_MISSING: Deployment instructions for "prod" are not yet in the Deterministic Control Plane.

Please provide the topology (IPs and services), the runtime type (e.g. k8s, docker), and any required auth commands so I can record them for future surgical operations.
2026/03/10 08:09:29 [DCP] Received query: "wizard"
time=2026-03-10T08:09:29.286+02:00 level=INFO msg="Executing tool" component=dcp tool=general_chat confidence=0.99 query_hash=67a7d577
2026/03/10 08:09:29 [DCP] Query result: To start the requirement gathering wizard, run 'openexec wizard' in your terminal.
2026/03/10 08:09:29 [DCP] Received query: "asdf"
time=2026-03-10T08:09:29.286+02:00 level=INFO msg="Executing tool" component=dcp tool=general_chat confidence=0.5 query_hash=f0e4c2f7
2026/03/10 08:09:29 [DCP] Query result: I received your query: "asdf". I'm currently in a limited local-only mode. For complex task execution, use the 'openexec run' command.
2026/03/10 08:09:29 [DCP] Received query: "test"
time=2026-03-10T08:09:29.286+02:00 level=INFO msg="Executing tool" component=dcp tool=general_chat confidence=0.5 query_hash=9f86d081
2026/03/10 08:09:29 [DCP] Query result: I received your query: "test". I'm currently in a limited local-only mode. For complex task execution, use the 'openexec run' command.
2026/03/10 08:09:29 [DCP] Received query: "hello"
time=2026-03-10T08:09:29.286+02:00 level=INFO msg="Executing tool" component=dcp tool=general_chat confidence=0.5 query_hash=2cf24dba
2026/03/10 08:09:29 [DCP] Query result: I received your query: "hello". I'm currently in a limited local-only mode. For complex task execution, use the 'openexec run' command.
2026/03/10 08:09:29 [DCP] Received query: "help"
time=2026-03-10T08:09:29.286+02:00 level=INFO msg="Executing tool" component=dcp tool=general_chat confidence=0.5 query_hash=106a5842
2026/03/10 08:09:29 [DCP] Query result: I am OpenExec, your deterministic orchestration agent. You can ask me to:
- list project files
- show symbols in a file
- deploy to production
- safe commit your changes
- run the initialization wizard
2026/03/10 08:09:29 [DCP] Received query: "deploy"
time=2026-03-10T08:09:29.286+02:00 level=INFO msg="Executing tool" component=dcp tool=deploy confidence=0.98 query_hash=b7bd55c1
2026/03/10 08:09:29 [DCP] Query result: KNOWLEDGE_MISSING: Deployment instructions for "prod" are not yet in the Deterministic Control Plane.

Please provide the topology (IPs and services), the runtime type (e.g. k8s, docker), and any required auth commands so I can record them for future surgical operations.
2026/03/10 08:09:29 [DCP] Received query: "wizard"
time=2026-03-10T08:09:29.286+02:00 level=INFO msg="Executing tool" component=dcp tool=general_chat confidence=0.99 query_hash=67a7d577
2026/03/10 08:09:29 [DCP] Query result: To start the requirement gathering wizard, run 'openexec wizard' in your terminal.
2026/03/10 08:09:29 [DCP] Received query: "asdf"
time=2026-03-10T08:09:29.286+02:00 level=INFO msg="Executing tool" component=dcp tool=general_chat confidence=0.5 query_hash=f0e4c2f7
2026/03/10 08:09:29 [DCP] Query result: I received your query: "asdf". I'm currently in a limited local-only mode. For complex task execution, use the 'openexec run' command.
2026/03/10 08:09:29 [DCP] Received query: "test"
time=2026-03-10T08:09:29.286+02:00 level=INFO msg="Executing tool" component=dcp tool=general_chat confidence=0.5 query_hash=9f86d081
2026/03/10 08:09:29 [DCP] Query result: I received your query: "test". I'm currently in a limited local-only mode. For complex task execution, use the 'openexec run' command.
2026/03/10 08:09:29 [DCP] Received query: "hello"
time=2026-03-10T08:09:29.286+02:00 level=INFO msg="Executing tool" component=dcp tool=general_chat confidence=0.5 query_hash=2cf24dba
2026/03/10 08:09:29 [DCP] Query result: I received your query: "hello". I'm currently in a limited local-only mode. For complex task execution, use the 'openexec run' command.
2026/03/10 08:09:29 [DCP] Received query: "help"
time=2026-03-10T08:09:29.286+02:00 level=INFO msg="Executing tool" component=dcp tool=general_chat confidence=0.5 query_hash=106a5842
2026/03/10 08:09:29 [DCP] Query result: I am OpenExec, your deterministic orchestration agent. You can ask me to:
- list project files
- show symbols in a file
- deploy to production
- safe commit your changes
- run the initialization wizard
2026/03/10 08:09:29 [DCP] Received query: "deploy"
time=2026-03-10T08:09:29.286+02:00 level=INFO msg="Executing tool" component=dcp tool=deploy confidence=0.98 query_hash=b7bd55c1
2026/03/10 08:09:29 [DCP] Query result: KNOWLEDGE_MISSING: Deployment instructions for "prod" are not yet in the Deterministic Control Plane.

Please provide the topology (IPs and services), the runtime type (e.g. k8s, docker), and any required auth commands so I can record them for future surgical operations.
--- PASS: TestE2ERapidSequentialQueries (0.00s)
=== RUN   TestGeminiProviderBackedExecution
2026/03/10 08:09:29 [Server] Runner: model=gemini-3.1-pro-preview command=/opt/homebrew/bin/gemini args=[--prompt - --yolo]
2026/03/10 08:09:29 [Watchdog] Started monitoring with stall threshold 5m0s
    gemini_integration_test.go:97: Expected 201 Created, got 400
--- FAIL: TestGeminiProviderBackedExecution (0.00s)
=== RUN   TestGeminiRunnerMapping
2026/03/10 08:09:29 [Server] Runner: model=gemini-3.1-pro-preview command=/opt/homebrew/bin/gemini args=[--prompt - --yolo]
2026/03/10 08:09:29 [Watchdog] Started monitoring with stall threshold 5m0s
--- PASS: TestGeminiRunnerMapping (0.00s)
=== RUN   TestE2EServerStartsAndAcceptsQueries
2026/03/10 08:09:29 [Watchdog] Started monitoring with stall threshold 5m0s
2026/03/10 08:09:29 [DCP] Received query: "hello"
time=2026-03-10T08:09:29.295+02:00 level=INFO msg="Executing tool" component=dcp tool=general_chat confidence=0.5 query_hash=2cf24dba
2026/03/10 08:09:29 [DCP] Query result: I received your query: "hello". I'm currently in a limited local-only mode. For complex task execution, use the 'openexec run' command.
--- PASS: TestE2EServerStartsAndAcceptsQueries (0.00s)
=== RUN   TestE2EHelpQueryReturnsGuidance
2026/03/10 08:09:29 [Watchdog] Started monitoring with stall threshold 5m0s
2026/03/10 08:09:29 [DCP] Received query: "help"
time=2026-03-10T08:09:29.298+02:00 level=INFO msg="Executing tool" component=dcp tool=general_chat confidence=0.5 query_hash=106a5842
2026/03/10 08:09:29 [DCP] Query result: I am OpenExec, your deterministic orchestration agent. You can ask me to:
- list project files
- show symbols in a file
- deploy to production
- safe commit your changes
- run the initialization wizard
--- PASS: TestE2EHelpQueryReturnsGuidance (0.00s)
=== RUN   TestE2EDeployQueryRoutesToTool
2026/03/10 08:09:29 [Watchdog] Started monitoring with stall threshold 5m0s
2026/03/10 08:09:29 [DCP] Received query: "deploy to production"
time=2026-03-10T08:09:29.301+02:00 level=INFO msg="Executing tool" component=dcp tool=deploy confidence=0.98 query_hash=d6e99989
2026/03/10 08:09:29 [DCP] Query result: KNOWLEDGE_MISSING: Deployment instructions for "prod" are not yet in the Deterministic Control Plane.

Please provide the topology (IPs and services), the runtime type (e.g. k8s, docker), and any required auth commands so I can record them for future surgical operations.
--- PASS: TestE2EDeployQueryRoutesToTool (0.00s)
=== RUN   TestE2ESymbolQueryRoutes
2026/03/10 08:09:29 [Watchdog] Started monitoring with stall threshold 5m0s
2026/03/10 08:09:29 [DCP] Received query: "Show me the Execute function"
time=2026-03-10T08:09:29.304+02:00 level=INFO msg="Executing tool" component=dcp tool=read_symbol confidence=0.95 query_hash=9b87a51b
2026/03/10 08:09:29 [DCP] Query error: symbol "Execute" not found in local index
--- PASS: TestE2ESymbolQueryRoutes (0.00s)
=== RUN   TestE2ECommitQueryRoutes
2026/03/10 08:09:29 [Watchdog] Started monitoring with stall threshold 5m0s
2026/03/10 08:09:29 [DCP] Received query: "commit my changes"
time=2026-03-10T08:09:29.306+02:00 level=INFO msg="Executing tool" component=dcp tool=safe_commit confidence=0.99 query_hash=65a9a3e0
2026/03/10 08:09:29 [DCP] Query error: git commit failed: exit status 1
On branch main
Your branch is up to date with 'origin/main'.

Changes not staged for commit:
  (use "git add <file>..." to update what will be committed)
  (use "git restore <file>..." to discard changes in working directory)
	modified:   ../cli/release.go
	modified:   ../planner/planner_test.go
	modified:   ../release/manager.go
	modified:   ../../pkg/version/version.go
	modified:   ../../wizard_coverage.out

Untracked files:
  (use "git add <file>..." to include in what will be committed)
	../cli/wizard_test.go
	../planner/wizard_completion_test.go
	../planner/wizard_persistence_test.go
	../../test_output.txt
	../../wizard_coverage_retro.out
	../../wizard_coverage_review.out

no changes added to commit (use "git add" and/or "git commit -a")
--- PASS: TestE2ECommitQueryRoutes (0.08s)
=== RUN   TestE2EUnknownQueryFallsBackToChat
2026/03/10 08:09:29 [Watchdog] Started monitoring with stall threshold 5m0s
2026/03/10 08:09:29 [DCP] Received query: "What is the weather today?"
time=2026-03-10T08:09:29.391+02:00 level=INFO msg="Executing tool" component=dcp tool=general_chat confidence=0.5 query_hash=37ca1b23
2026/03/10 08:09:29 [DCP] Query result: I received your query: "what is the weather today?". I'm currently in a limited local-only mode. For complex task execution, use the 'openexec run' command.
--- PASS: TestE2EUnknownQueryFallsBackToChat (0.00s)
=== RUN   TestE2EMultipleQueriesInSequence
2026/03/10 08:09:29 [Watchdog] Started monitoring with stall threshold 5m0s
2026/03/10 08:09:29 [DCP] Received query: "help"
time=2026-03-10T08:09:29.393+02:00 level=INFO msg="Executing tool" component=dcp tool=general_chat confidence=0.5 query_hash=106a5842
2026/03/10 08:09:29 [DCP] Query result: I am OpenExec, your deterministic orchestration agent. You can ask me to:
- list project files
- show symbols in a file
- deploy to production
- safe commit your changes
- run the initialization wizard
2026/03/10 08:09:29 [DCP] Received query: "deploy to prod"
time=2026-03-10T08:09:29.393+02:00 level=INFO msg="Executing tool" component=dcp tool=deploy confidence=0.98 query_hash=15d9a6d8
2026/03/10 08:09:29 [DCP] Query result: KNOWLEDGE_MISSING: Deployment instructions for "prod" are not yet in the Deterministic Control Plane.

Please provide the topology (IPs and services), the runtime type (e.g. k8s, docker), and any required auth commands so I can record them for future surgical operations.
2026/03/10 08:09:29 [DCP] Received query: "thanks"
time=2026-03-10T08:09:29.393+02:00 level=INFO msg="Executing tool" component=dcp tool=general_chat confidence=0.5 query_hash=a6a2729c
2026/03/10 08:09:29 [DCP] Query result: I received your query: "thanks". I'm currently in a limited local-only mode. For complex task execution, use the 'openexec run' command.
2026/03/10 08:09:29 [DCP] Received query: "hello"
time=2026-03-10T08:09:29.393+02:00 level=INFO msg="Executing tool" component=dcp tool=general_chat confidence=0.5 query_hash=2cf24dba
2026/03/10 08:09:29 [DCP] Query result: I received your query: "hello". I'm currently in a limited local-only mode. For complex task execution, use the 'openexec run' command.
--- PASS: TestE2EMultipleQueriesInSequence (0.00s)
=== RUN   TestE2ENoForbiddenErrorMessages
2026/03/10 08:09:29 [Watchdog] Started monitoring with stall threshold 5m0s
=== RUN   TestE2ENoForbiddenErrorMessages/query="help"
2026/03/10 08:09:29 [DCP] Received query: "help"
time=2026-03-10T08:09:29.395+02:00 level=INFO msg="Executing tool" component=dcp tool=general_chat confidence=0.5 query_hash=106a5842
2026/03/10 08:09:29 [DCP] Query result: I am OpenExec, your deterministic orchestration agent. You can ask me to:
- list project files
- show symbols in a file
- deploy to production
- safe commit your changes
- run the initialization wizard
=== RUN   TestE2ENoForbiddenErrorMessages/query="what_can_you_do"
2026/03/10 08:09:29 [DCP] Received query: "what can you do"
time=2026-03-10T08:09:29.395+02:00 level=INFO msg="Executing tool" component=dcp tool=general_chat confidence=0.5 query_hash=1df9ce6e
2026/03/10 08:09:29 [DCP] Query result: I received your query: "what can you do". I'm currently in a limited local-only mode. For complex task execution, use the 'openexec run' command.
=== RUN   TestE2ENoForbiddenErrorMessages/query="list_commands"
2026/03/10 08:09:29 [DCP] Received query: "list commands"
time=2026-03-10T08:09:29.395+02:00 level=INFO msg="Executing tool" component=dcp tool=general_chat confidence=0.5 query_hash=be46a87a
2026/03/10 08:09:29 [DCP] Query result: I received your query: "list commands". I'm currently in a limited local-only mode. For complex task execution, use the 'openexec run' command.
=== RUN   TestE2ENoForbiddenErrorMessages/query="deploy_to_production"
2026/03/10 08:09:29 [DCP] Received query: "deploy to production"
time=2026-03-10T08:09:29.395+02:00 level=INFO msg="Executing tool" component=dcp tool=deploy confidence=0.98 query_hash=d6e99989
2026/03/10 08:09:29 [DCP] Query result: KNOWLEDGE_MISSING: Deployment instructions for "prod" are not yet in the Deterministic Control Plane.

Please provide the topology (IPs and services), the runtime type (e.g. k8s, docker), and any required auth commands so I can record them for future surgical operations.
=== RUN   TestE2ENoForbiddenErrorMessages/query="show_me_the_main_function"
2026/03/10 08:09:29 [DCP] Received query: "show me the main function"
time=2026-03-10T08:09:29.395+02:00 level=INFO msg="Executing tool" component=dcp tool=read_symbol confidence=0.95 query_hash=a98386ed
2026/03/10 08:09:29 [DCP] Query error: symbol "Execute" not found in local index
=== RUN   TestE2ENoForbiddenErrorMessages/query="commit_these_changes"
2026/03/10 08:09:29 [DCP] Received query: "commit these changes"
time=2026-03-10T08:09:29.395+02:00 level=INFO msg="Executing tool" component=dcp tool=safe_commit confidence=0.99 query_hash=57af21ab
2026/03/10 08:09:29 [DCP] Query error: git commit failed: exit status 1
On branch main
Your branch is up to date with 'origin/main'.

Changes not staged for commit:
  (use "git add <file>..." to update what will be committed)
  (use "git restore <file>..." to discard changes in working directory)
	modified:   ../cli/release.go
	modified:   ../planner/planner_test.go
	modified:   ../release/manager.go
	modified:   ../../pkg/version/version.go
	modified:   ../../wizard_coverage.out

Untracked files:
  (use "git add <file>..." to include in what will be committed)
	../cli/wizard_test.go
	../planner/wizard_completion_test.go
	../planner/wizard_persistence_test.go
	../../test_output.txt
	../../wizard_coverage_retro.out
	../../wizard_coverage_review.out

no changes added to commit (use "git add" and/or "git commit -a")
=== RUN   TestE2ENoForbiddenErrorMessages/query="push_to_remote"
2026/03/10 08:09:29 [DCP] Received query: "push to remote"
time=2026-03-10T08:09:29.471+02:00 level=INFO msg="Executing tool" component=dcp tool=safe_commit confidence=0.99 query_hash=ed1ade5a
2026/03/10 08:09:29 [DCP] Query error: git commit failed: exit status 1
On branch main
Your branch is up to date with 'origin/main'.

Changes not staged for commit:
  (use "git add <file>..." to update what will be committed)
  (use "git restore <file>..." to discard changes in working directory)
	modified:   ../cli/release.go
	modified:   ../planner/planner_test.go
	modified:   ../release/manager.go
	modified:   ../../pkg/version/version.go
	modified:   ../../wizard_coverage.out

Untracked files:
  (use "git add <file>..." to include in what will be committed)
	../cli/wizard_test.go
	../planner/wizard_completion_test.go
	../planner/wizard_persistence_test.go
	../../test_output.txt
	../../wizard_coverage_retro.out
	../../wizard_coverage_review.out

no changes added to commit (use "git add" and/or "git commit -a")
=== RUN   TestE2ENoForbiddenErrorMessages/query="hello"
2026/03/10 08:09:29 [DCP] Received query: "hello"
time=2026-03-10T08:09:29.544+02:00 level=INFO msg="Executing tool" component=dcp tool=general_chat confidence=0.5 query_hash=2cf24dba
2026/03/10 08:09:29 [DCP] Query result: I received your query: "hello". I'm currently in a limited local-only mode. For complex task execution, use the 'openexec run' command.
=== RUN   TestE2ENoForbiddenErrorMessages/query="good_morning"
2026/03/10 08:09:29 [DCP] Received query: "good morning"
time=2026-03-10T08:09:29.544+02:00 level=INFO msg="Executing tool" component=dcp tool=general_chat confidence=0.5 query_hash=cdf71dea
2026/03/10 08:09:29 [DCP] Query result: I received your query: "good morning". I'm currently in a limited local-only mode. For complex task execution, use the 'openexec run' command.
=== RUN   TestE2ENoForbiddenErrorMessages/query="what_is_the_weather"
2026/03/10 08:09:29 [DCP] Received query: "what is the weather"
time=2026-03-10T08:09:29.544+02:00 level=INFO msg="Executing tool" component=dcp tool=general_chat confidence=0.5 query_hash=b328f827
2026/03/10 08:09:29 [DCP] Query result: I received your query: "what is the weather". I'm currently in a limited local-only mode. For complex task execution, use the 'openexec run' command.
=== RUN   TestE2ENoForbiddenErrorMessages/query="tell_me_a_joke"
2026/03/10 08:09:29 [DCP] Received query: "tell me a joke"
time=2026-03-10T08:09:29.544+02:00 level=INFO msg="Executing tool" component=dcp tool=general_chat confidence=0.5 query_hash=eb5c10fe
2026/03/10 08:09:29 [DCP] Query result: I received your query: "tell me a joke". I'm currently in a limited local-only mode. For complex task execution, use the 'openexec run' command.
=== RUN   TestE2ENoForbiddenErrorMessages/query="???"
2026/03/10 08:09:29 [DCP] Received query: "???"
time=2026-03-10T08:09:29.544+02:00 level=INFO msg="Executing tool" component=dcp tool=general_chat confidence=0.5 query_hash=a03b221c
2026/03/10 08:09:29 [DCP] Query result: I received your query: "???". I'm currently in a limited local-only mode. For complex task execution, use the 'openexec run' command.
=== RUN   TestE2ENoForbiddenErrorMessages/query="123456"
2026/03/10 08:09:29 [DCP] Received query: "123456"
time=2026-03-10T08:09:29.544+02:00 level=INFO msg="Executing tool" component=dcp tool=general_chat confidence=0.5 query_hash=8d969eef
2026/03/10 08:09:29 [DCP] Query result: I received your query: "123456". I'm currently in a limited local-only mode. For complex task execution, use the 'openexec run' command.
=== RUN   TestE2ENoForbiddenErrorMessages/query="select_*_from_users"
2026/03/10 08:09:29 [DCP] Received query: "select * from users"
time=2026-03-10T08:09:29.544+02:00 level=INFO msg="Executing tool" component=dcp tool=general_chat confidence=0.5 query_hash=c6b37fc8
2026/03/10 08:09:29 [DCP] Query result: I received your query: "select * from users". I'm currently in a limited local-only mode. For complex task execution, use the 'openexec run' command.
=== RUN   TestE2ENoForbiddenErrorMessages/query=""
2026/03/10 08:09:29 [DCP] Received query: ""
time=2026-03-10T08:09:29.544+02:00 level=INFO msg="Executing tool" component=dcp tool=general_chat confidence=0.5 query_hash=e3b0c442
2026/03/10 08:09:29 [DCP] Query result: I received your query: "". I'm currently in a limited local-only mode. For complex task execution, use the 'openexec run' command.
=== RUN   TestE2ENoForbiddenErrorMessages/query="___"
2026/03/10 08:09:29 [DCP] Received query: "   "
time=2026-03-10T08:09:29.544+02:00 level=INFO msg="Executing tool" component=dcp tool=general_chat confidence=0.5 query_hash=0aad7da7
2026/03/10 08:09:29 [DCP] Query result: I received your query: "". I'm currently in a limited local-only mode. For complex task execution, use the 'openexec run' command.
=== RUN   TestE2ENoForbiddenErrorMessages/query="I_want_to_maybe_deploy_something"
2026/03/10 08:09:29 [DCP] Received query: "I want to maybe deploy something"
time=2026-03-10T08:09:29.544+02:00 level=INFO msg="Executing tool" component=dcp tool=deploy confidence=0.98 query_hash=b50b6a3b
2026/03/10 08:09:29 [DCP] Query result: KNOWLEDGE_MISSING: Deployment instructions for "prod" are not yet in the Deterministic Control Plane.

Please provide the topology (IPs and services), the runtime type (e.g. k8s, docker), and any required auth commands so I can record them for future surgical operations.
=== RUN   TestE2ENoForbiddenErrorMessages/query="can_you_help_me_with_the_code"
2026/03/10 08:09:29 [DCP] Received query: "can you help me with the code"
time=2026-03-10T08:09:29.544+02:00 level=INFO msg="Executing tool" component=dcp tool=general_chat confidence=0.5 query_hash=cd200077
2026/03/10 08:09:29 [DCP] Query result: I received your query: "can you help me with the code". I'm currently in a limited local-only mode. For complex task execution, use the 'openexec run' command.
--- PASS: TestE2ENoForbiddenErrorMessages (0.15s)
    --- PASS: TestE2ENoForbiddenErrorMessages/query="help" (0.00s)
    --- PASS: TestE2ENoForbiddenErrorMessages/query="what_can_you_do" (0.00s)
    --- PASS: TestE2ENoForbiddenErrorMessages/query="list_commands" (0.00s)
    --- PASS: TestE2ENoForbiddenErrorMessages/query="deploy_to_production" (0.00s)
    --- PASS: TestE2ENoForbiddenErrorMessages/query="show_me_the_main_function" (0.00s)
    --- PASS: TestE2ENoForbiddenErrorMessages/query="commit_these_changes" (0.08s)
    --- PASS: TestE2ENoForbiddenErrorMessages/query="push_to_remote" (0.07s)
    --- PASS: TestE2ENoForbiddenErrorMessages/query="hello" (0.00s)
    --- PASS: TestE2ENoForbiddenErrorMessages/query="good_morning" (0.00s)
    --- PASS: TestE2ENoForbiddenErrorMessages/query="what_is_the_weather" (0.00s)
    --- PASS: TestE2ENoForbiddenErrorMessages/query="tell_me_a_joke" (0.00s)
    --- PASS: TestE2ENoForbiddenErrorMessages/query="???" (0.00s)
    --- PASS: TestE2ENoForbiddenErrorMessages/query="123456" (0.00s)
    --- PASS: TestE2ENoForbiddenErrorMessages/query="select_*_from_users" (0.00s)
    --- PASS: TestE2ENoForbiddenErrorMessages/query="" (0.00s)
    --- PASS: TestE2ENoForbiddenErrorMessages/query="___" (0.00s)
    --- PASS: TestE2ENoForbiddenErrorMessages/query="I_want_to_maybe_deploy_something" (0.00s)
    --- PASS: TestE2ENoForbiddenErrorMessages/query="can_you_help_me_with_the_code" (0.00s)
=== RUN   TestE2EMalformedInputStillResponds
2026/03/10 08:09:29 [Watchdog] Started monitoring with stall threshold 5m0s
2026/03/10 08:09:29 [DCP] Received query: "!@#$%^&*()"
time=2026-03-10T08:09:29.546+02:00 level=INFO msg="Executing tool" component=dcp tool=general_chat confidence=0.5 query_hash=95ce789c
2026/03/10 08:09:29 [DCP] Query result: I received your query: "!@#$%^&*()". I'm currently in a limited local-only mode. For complex task execution, use the 'openexec run' command.
--- PASS: TestE2EMalformedInputStillResponds (0.00s)
=== RUN   TestE2EEmptyQueryHandled
2026/03/10 08:09:29 [Watchdog] Started monitoring with stall threshold 5m0s
2026/03/10 08:09:29 [DCP] Received query: ""
time=2026-03-10T08:09:29.548+02:00 level=INFO msg="Executing tool" component=dcp tool=general_chat confidence=0.5 query_hash=e3b0c442
2026/03/10 08:09:29 [DCP] Query result: I received your query: "". I'm currently in a limited local-only mode. For complex task execution, use the 'openexec run' command.
--- PASS: TestE2EEmptyQueryHandled (0.00s)
=== RUN   TestE2EWhitespaceOnlyQueryHandled
2026/03/10 08:09:29 [Watchdog] Started monitoring with stall threshold 5m0s
2026/03/10 08:09:29 [DCP] Received query: "   "
time=2026-03-10T08:09:29.550+02:00 level=INFO msg="Executing tool" component=dcp tool=general_chat confidence=0.5 query_hash=0aad7da7
2026/03/10 08:09:29 [DCP] Query result: I received your query: "". I'm currently in a limited local-only mode. For complex task execution, use the 'openexec run' command.
--- PASS: TestE2EWhitespaceOnlyQueryHandled (0.00s)
=== RUN   TestE2ELowConfidenceFallsBackToChat
2026/03/10 08:09:29 [Watchdog] Started monitoring with stall threshold 5m0s
2026/03/10 08:09:29 [DCP] Received query: "maybe do something unclear"
time=2026-03-10T08:09:29.552+02:00 level=INFO msg="Executing tool" component=dcp tool=general_chat confidence=0.5 query_hash=41f15540
2026/03/10 08:09:29 [DCP] Query result: I received your query: "maybe do something unclear". I'm currently in a limited local-only mode. For complex task execution, use the 'openexec run' command.
    integration_test.go:436: Confirmed: response uses general_chat echo pattern
--- PASS: TestE2ELowConfidenceFallsBackToChat (0.00s)
=== RUN   TestE2EHighConfidenceExecutesTool
2026/03/10 08:09:29 [Watchdog] Started monitoring with stall threshold 5m0s
2026/03/10 08:09:29 [DCP] Received query: "push changes to production server now"
time=2026-03-10T08:09:29.554+02:00 level=INFO msg="Executing tool" component=dcp tool=deploy confidence=0.98 query_hash=6d7eb6c9
2026/03/10 08:09:29 [DCP] Query result: KNOWLEDGE_MISSING: Deployment instructions for "prod" are not yet in the Deterministic Control Plane.

Please provide the topology (IPs and services), the runtime type (e.g. k8s, docker), and any required auth commands so I can record them for future surgical operations.
--- PASS: TestE2EHighConfidenceExecutesTool (0.00s)
=== RUN   TestE2EServerShutdownGracefully
2026/03/10 08:09:29 [Watchdog] Started monitoring with stall threshold 5m0s
2026/03/10 08:09:29 [DCP] Received query: "hello"
time=2026-03-10T08:09:29.556+02:00 level=INFO msg="Executing tool" component=dcp tool=general_chat confidence=0.5 query_hash=2cf24dba
2026/03/10 08:09:29 [DCP] Query result: I received your query: "hello". I'm currently in a limited local-only mode. For complex task execution, use the 'openexec run' command.
[PREFLIGHT] ✓ runner_available: runner 'claude' available
[PREFLIGHT] ✓ knowledge_db: knowledge store initialized
[PREFLIGHT] ✓ audit_db: audit logger active
2026/03/10 08:09:29 [Server] Unified OpenExec API listening on :0
2026/03/10 08:09:29 [DCP] Received query: "test after shutdown"
time=2026-03-10T08:09:29.608+02:00 level=INFO msg="Executing tool" component=dcp tool=general_chat confidence=0.5 query_hash=c3aae263
2026/03/10 08:09:29 [DCP] Query result: I received your query: "test after shutdown". I'm currently in a limited local-only mode. For complex task execution, use the 'openexec run' command.
--- PASS: TestE2EServerShutdownGracefully (0.05s)
=== RUN   TestDCPQueryIntegration
2026/03/10 08:09:29 [Watchdog] Started monitoring with stall threshold 5m0s
2026/03/10 08:09:29 [DCP] Received query: "hello"
time=2026-03-10T08:09:29.614+02:00 level=INFO msg="Executing tool" component=dcp tool=general_chat confidence=0.5 query_hash=2cf24dba
2026/03/10 08:09:29 [DCP] Query result: I received your query: "hello". I'm currently in a limited local-only mode. For complex task execution, use the 'openexec run' command.
--- PASS: TestDCPQueryIntegration (0.01s)
=== RUN   TestIntegrationCLIChatHelpQuery
2026/03/10 08:09:29 [Watchdog] Started monitoring with stall threshold 5m0s
2026/03/10 08:09:29 [DCP] Received query: "help"
time=2026-03-10T08:09:29.619+02:00 level=INFO msg="Executing tool" component=dcp tool=general_chat confidence=0.5 query_hash=106a5842
2026/03/10 08:09:29 [DCP] Query result: I am OpenExec, your deterministic orchestration agent. You can ask me to:
- list project files
- show symbols in a file
- deploy to production
- safe commit your changes
- run the initialization wizard
--- PASS: TestIntegrationCLIChatHelpQuery (0.01s)
=== RUN   TestIntegrationCLIChatUnknownQuery
2026/03/10 08:09:29 [Watchdog] Started monitoring with stall threshold 5m0s
2026/03/10 08:09:29 [DCP] Received query: "What is the capital of France?"
time=2026-03-10T08:09:29.626+02:00 level=INFO msg="Executing tool" component=dcp tool=general_chat confidence=0.5 query_hash=115049a2
2026/03/10 08:09:29 [DCP] Query result: I received your query: "what is the capital of france?". I'm currently in a limited local-only mode. For complex task execution, use the 'openexec run' command.
--- PASS: TestIntegrationCLIChatUnknownQuery (0.01s)
=== RUN   TestIntegrationCLIChatSurgicalToolQuery
2026/03/10 08:09:29 [Watchdog] Started monitoring with stall threshold 5m0s
2026/03/10 08:09:29 [DCP] Received query: "deploy to production"
time=2026-03-10T08:09:29.632+02:00 level=INFO msg="Executing tool" component=dcp tool=deploy confidence=0.98 query_hash=d6e99989
2026/03/10 08:09:29 [DCP] Query result: KNOWLEDGE_MISSING: Deployment instructions for "prod" are not yet in the Deterministic Control Plane.

Please provide the topology (IPs and services), the runtime type (e.g. k8s, docker), and any required auth commands so I can record them for future surgical operations.
--- PASS: TestIntegrationCLIChatSurgicalToolQuery (0.01s)
=== RUN   TestIntegrationCLIChatE2EMatrix
2026/03/10 08:09:29 [Watchdog] Started monitoring with stall threshold 5m0s
=== RUN   TestIntegrationCLIChatE2EMatrix/help_basic
2026/03/10 08:09:29 [DCP] Received query: "help"
time=2026-03-10T08:09:29.638+02:00 level=INFO msg="Executing tool" component=dcp tool=general_chat confidence=0.5 query_hash=106a5842
2026/03/10 08:09:29 [DCP] Query result: I am OpenExec, your deterministic orchestration agent. You can ask me to:
- list project files
- show symbols in a file
- deploy to production
- safe commit your changes
- run the initialization wizard
=== RUN   TestIntegrationCLIChatE2EMatrix/help_what
2026/03/10 08:09:29 [DCP] Received query: "what can you do"
time=2026-03-10T08:09:29.638+02:00 level=INFO msg="Executing tool" component=dcp tool=general_chat confidence=0.5 query_hash=1df9ce6e
2026/03/10 08:09:29 [DCP] Query result: I received your query: "what can you do". I'm currently in a limited local-only mode. For complex task execution, use the 'openexec run' command.
=== RUN   TestIntegrationCLIChatE2EMatrix/help_list
2026/03/10 08:09:29 [DCP] Received query: "list commands"
time=2026-03-10T08:09:29.638+02:00 level=INFO msg="Executing tool" component=dcp tool=general_chat confidence=0.5 query_hash=be46a87a
2026/03/10 08:09:29 [DCP] Query result: I received your query: "list commands". I'm currently in a limited local-only mode. For complex task execution, use the 'openexec run' command.
=== RUN   TestIntegrationCLIChatE2EMatrix/unknown_weather
2026/03/10 08:09:29 [DCP] Received query: "What is the weather today?"
time=2026-03-10T08:09:29.639+02:00 level=INFO msg="Executing tool" component=dcp tool=general_chat confidence=0.5 query_hash=37ca1b23
2026/03/10 08:09:29 [DCP] Query result: I received your query: "what is the weather today?". I'm currently in a limited local-only mode. For complex task execution, use the 'openexec run' command.
=== RUN   TestIntegrationCLIChatE2EMatrix/unknown_joke
2026/03/10 08:09:29 [DCP] Received query: "tell me a joke"
time=2026-03-10T08:09:29.639+02:00 level=INFO msg="Executing tool" component=dcp tool=general_chat confidence=0.5 query_hash=eb5c10fe
2026/03/10 08:09:29 [DCP] Query result: I received your query: "tell me a joke". I'm currently in a limited local-only mode. For complex task execution, use the 'openexec run' command.
=== RUN   TestIntegrationCLIChatE2EMatrix/unknown_math
2026/03/10 08:09:29 [DCP] Received query: "what is 2+2?"
time=2026-03-10T08:09:29.639+02:00 level=INFO msg="Executing tool" component=dcp tool=general_chat confidence=0.5 query_hash=61a33850
2026/03/10 08:09:29 [DCP] Query result: I received your query: "what is 2+2?". I'm currently in a limited local-only mode. For complex task execution, use the 'openexec run' command.
=== RUN   TestIntegrationCLIChatE2EMatrix/unknown_gibberish
2026/03/10 08:09:29 [DCP] Received query: "asdfqwerzxcv"
time=2026-03-10T08:09:29.639+02:00 level=INFO msg="Executing tool" component=dcp tool=general_chat confidence=0.5 query_hash=12890970
2026/03/10 08:09:29 [DCP] Query result: I received your query: "asdfqwerzxcv". I'm currently in a limited local-only mode. For complex task execution, use the 'openexec run' command.
=== RUN   TestIntegrationCLIChatE2EMatrix/surgical_deploy
2026/03/10 08:09:29 [DCP] Received query: "deploy to prod"
time=2026-03-10T08:09:29.639+02:00 level=INFO msg="Executing tool" component=dcp tool=deploy confidence=0.98 query_hash=15d9a6d8
2026/03/10 08:09:29 [DCP] Query result: KNOWLEDGE_MISSING: Deployment instructions for "prod" are not yet in the Deterministic Control Plane.

Please provide the topology (IPs and services), the runtime type (e.g. k8s, docker), and any required auth commands so I can record them for future surgical operations.
=== RUN   TestIntegrationCLIChatE2EMatrix/surgical_commit
2026/03/10 08:09:29 [DCP] Received query: "commit my changes"
time=2026-03-10T08:09:29.639+02:00 level=INFO msg="Executing tool" component=dcp tool=safe_commit confidence=0.99 query_hash=65a9a3e0
2026/03/10 08:09:29 [DCP] Query error: git commit failed: exit status 1
On branch main
Your branch is up to date with 'origin/main'.

Changes not staged for commit:
  (use "git add <file>..." to update what will be committed)
  (use "git restore <file>..." to discard changes in working directory)
	modified:   ../cli/release.go
	modified:   ../planner/planner_test.go
	modified:   ../release/manager.go
	modified:   ../../pkg/version/version.go
	modified:   ../../wizard_coverage.out

Untracked files:
  (use "git add <file>..." to include in what will be committed)
	../cli/wizard_test.go
	../planner/wizard_completion_test.go
	../planner/wizard_persistence_test.go
	../../test_output.txt
	../../wizard_coverage_retro.out
	../../wizard_coverage_review.out

no changes added to commit (use "git add" and/or "git commit -a")
=== RUN   TestIntegrationCLIChatE2EMatrix/surgical_symbol
2026/03/10 08:09:29 [DCP] Received query: "show function main"
time=2026-03-10T08:09:29.730+02:00 level=INFO msg="Executing tool" component=dcp tool=read_symbol confidence=0.95 query_hash=67839ed2
2026/03/10 08:09:29 [DCP] Query error: symbol "Execute" not found in local index
--- PASS: TestIntegrationCLIChatE2EMatrix (0.10s)
    --- PASS: TestIntegrationCLIChatE2EMatrix/help_basic (0.00s)
    --- PASS: TestIntegrationCLIChatE2EMatrix/help_what (0.00s)
    --- PASS: TestIntegrationCLIChatE2EMatrix/help_list (0.00s)
    --- PASS: TestIntegrationCLIChatE2EMatrix/unknown_weather (0.00s)
    --- PASS: TestIntegrationCLIChatE2EMatrix/unknown_joke (0.00s)
    --- PASS: TestIntegrationCLIChatE2EMatrix/unknown_math (0.00s)
    --- PASS: TestIntegrationCLIChatE2EMatrix/unknown_gibberish (0.00s)
    --- PASS: TestIntegrationCLIChatE2EMatrix/surgical_deploy (0.00s)
    --- PASS: TestIntegrationCLIChatE2EMatrix/surgical_commit (0.09s)
    --- PASS: TestIntegrationCLIChatE2EMatrix/surgical_symbol (0.00s)
=== RUN   TestIntegrationCLIChatNoConfidenceErrors
2026/03/10 08:09:29 [Watchdog] Started monitoring with stall threshold 5m0s
=== RUN   TestIntegrationCLIChatNoConfidenceErrors/#00
2026/03/10 08:09:29 [DCP] Received query: ""
time=2026-03-10T08:09:29.732+02:00 level=INFO msg="Executing tool" component=dcp tool=general_chat confidence=0.5 query_hash=e3b0c442
2026/03/10 08:09:29 [DCP] Query result: I received your query: "". I'm currently in a limited local-only mode. For complex task execution, use the 'openexec run' command.
=== RUN   TestIntegrationCLIChatNoConfidenceErrors/___
2026/03/10 08:09:29 [DCP] Received query: "   "
time=2026-03-10T08:09:29.732+02:00 level=INFO msg="Executing tool" component=dcp tool=general_chat confidence=0.5 query_hash=0aad7da7
2026/03/10 08:09:29 [DCP] Query result: I received your query: "". I'm currently in a limited local-only mode. For complex task execution, use the 'openexec run' command.
=== RUN   TestIntegrationCLIChatNoConfidenceErrors/a
2026/03/10 08:09:29 [DCP] Received query: "a"
time=2026-03-10T08:09:29.732+02:00 level=INFO msg="Executing tool" component=dcp tool=general_chat confidence=0.5 query_hash=ca978112
2026/03/10 08:09:29 [DCP] Query result: I received your query: "a". I'm currently in a limited local-only mode. For complex task execution, use the 'openexec run' command.
=== RUN   TestIntegrationCLIChatNoConfidenceErrors/你好
2026/03/10 08:09:29 [DCP] Received query: "你好"
time=2026-03-10T08:09:29.732+02:00 level=INFO msg="Executing tool" component=dcp tool=general_chat confidence=0.5 query_hash=670d9743
2026/03/10 08:09:29 [DCP] Query result: I received your query: "你好". I'm currently in a limited local-only mode. For complex task execution, use the 'openexec run' command.
=== RUN   TestIntegrationCLIChatNoConfidenceErrors/!@#$%
2026/03/10 08:09:29 [DCP] Received query: "!@#$%"
time=2026-03-10T08:09:29.732+02:00 level=INFO msg="Executing tool" component=dcp tool=general_chat confidence=0.5 query_hash=aa4dd161
2026/03/10 08:09:29 [DCP] Query result: I received your query: "!@#$%". I'm currently in a limited local-only mode. For complex task execution, use the 'openexec run' command.
=== RUN   TestIntegrationCLIChatNoConfidenceErrors/{"json":_"object"}
2026/03/10 08:09:29 [DCP] Received query: "{\"json\": \"object\"}"
time=2026-03-10T08:09:29.733+02:00 level=INFO msg="Executing tool" component=dcp tool=general_chat confidence=0.5 query_hash=5bd24c3a
2026/03/10 08:09:29 [DCP] Query result: I received your query: "{\"json\": \"object\"}". I'm currently in a limited local-only mode. For complex task execution, use the 'openexec run' command.
=== RUN   TestIntegrationCLIChatNoConfidenceErrors/deploy_commit_push
2026/03/10 08:09:29 [DCP] Received query: "deploy commit push"
time=2026-03-10T08:09:29.733+02:00 level=INFO msg="Executing tool" component=dcp tool=deploy confidence=0.98 query_hash=520d25e7
2026/03/10 08:09:29 [DCP] Query result: KNOWLEDGE_MISSING: Deployment instructions for "prod" are not yet in the Deterministic Control Plane.

Please provide the topology (IPs and services), the runtime type (e.g. k8s, docker), and any required auth commands so I can record them for future surgical operations.
=== RUN   TestIntegrationCLIChatNoConfidenceErrors/xxxxxxxxxxxxxxxxxxxx...
2026/03/10 08:09:29 [DCP] Received query: "xxxxxxxxxxxxxxxxxxxxxxxxxxxxxxxxxxxxxxxxxxxxxxxxxxxxxxxxxxxxxxxxxxxxxxxxxxxxxxxxxxxxxxxxxxxxxxxxxxxxxxxxxxxxxxxxxxxxxxxxxxxxxxxxxxxxxxxxxxxxxxxxxxxxxxxxxxxxxxxxxxxxxxxxxxxxxxxxxxxxxxxxxxxxxxxxxxxxxxxxxxxxxxxxxxxxxxxxxxxxxxxxxxxxxxxxxxxxxxxxxxxxxxxxxxxxxxxxxxxxxxxxxxxxxxxxxxxxxxxxxxxxxxxxxxxxxxxxxxxxxxxxxxxxxxxxxxxxxxxxxxxxxxxxxxxxxxxxxxxxxxxxxxxxxxxxxxxxxxxxxxxxxxxxxxxxxxxxxxxxxxxxxxxxxxxxxxxxxxxxxxxxxxxxxxxxxxxxxxxxxxxxxxxxxxxxxxxxxxxxxxxxxxxxxxxxxxxxxxxxxxxxxxxxxxxxxxxxxxxxxxxxxxxxxxxxxxxxxxxxxxxxxxxxxxxxxxxxxxxxxxxxxxxxxxxxxxxxxxxxxxxxxxxxxxxxxxxxxxxxxxxxxxxxxxxxxxxxxxxxxxxxxxxxxxxxxxxxxxxxxxxxxxxxxxxxxxxxxxxxxxxxxxxxxxxxxxxxxxxxxxxxxxxxxxxxxxxxxxxxxxxxxxxxxxxxxxxxxxxxxxxxxxxxxxxxxxxxxxxxxxxxxxxxxxxxxxxxxxxxxxxxxxxxxxxxxxxxxxxxxxxxxxxxxxxxxxxxxxxxxxxxxxxxxxxxxxxxxxxxxxxxxxxxxxxxxxxxxxxxxxxxxxxxxxxxxxxxxxxxxxxxxxxxxxxxxxxxxxxxxxxxxxxxxxxxxxxxxxxxxxxxxxxxxxxxxxxxxxxxxxxxxxxxxxxxxxxxxxxxxxxxxxxxxxxxxxxxxxxxxxxxxxxxxxxxxxxxxxxxxxxxxxxxxxxxxxxxxxxxxxxxxxxxxxxxxxxxxxxxxxxxxxxxxxxxxxxxxxxxxxxxxxxxxxxxxxxxxxxxxxxxxxxxxxxxxxxxxxxxxxxxxxxxxxxxxxxxxxxxxxxxxxxxxxxxxxxxxxxxxxxxxxxxxxxxxxxxxxxxxxxxxxxxxxxxxxxxxxxxxxxxxxxxxxxxxxxxxxxxxxxxxxxxxxxxxxxxxxxxxxxxxxxxxxxxxxxxxxxxxxxxxxxxxxxxxxxxxxxxxxxxxxxxxxxxxxxxxxxxxxxxxxxxxxxxxxxxxxxxxxxxxxxxxxxxxxxxxxxxxxxxxxxxxxxxxxxxxxxxxxxxxxxxxxxxxxxxxxxxxxxxxxxxxxxxxxxxxxxxxxxxxxxxxxxxxxxxxxxxxxxxxxxxxxxxxxxxxxxxxxxxxxxxxxxxxxxxxxxxxxxxxxxxxxxxxxxxxxxxxxxxxxxxxxxxxxxxxxxxxxxxxxxxxxxxxxxxxxxxxxxxxxxxxxxxxxxxxxxxxxxxxxxxxxxxxxxxxxxxxxxxxxxxxxxxxxxxxxxxxxxxxxxxxxxxxxxxxxxxxxxxxxxxxxxxxxxxxxxxxxxxxxxxxxxxxxxxxxxxxxxxxxxxxxxxxxxxxxxxxxxxxxxxxxxxxxxxxxxxxxxxxxxxxxxxxxxxxxxxxxxxxxxxxxxxxxxxxxxxxxxxxxxxxxxxxxxxxxxxxxxxxxxxxxxxxxxxxxxxxxxxxxxxxxxxxxxxxxxxxxxxxxxxxxxxxxxxxxxxxxxxxxxxxxxxxxxxxxxxxxxxxxxxxxxxxxxxxxxxxxxxxxxxxxxxxxxxxxxxxxxxxxxxxxxxxxxxxxxxxxxxxxxxxxxxxxxxxxxxxxxxxxxxxxxxxxxxxxxxxxxxxxxxxxxxxxxxxxxxxxxxxxxxxxxxxxxxxxxxxxxxxxxxxxxxxxxxxxxxxxxxxxxxxxxxxxxxxxxxxxxxxxxxxxxxxxxxxxxxxxxxxxxxxxxxxxxxxxxxxxxxxxxxxxxxxxxxxxxxxxxxxxxxxxxxxxxxxxxxxxxxxxxxxxxxxxxxxxxxxxxxxxxxxxxxxxxxxxxxxxxxxxxxxxxxxxxxxxxxxxxxxxxxxxxxxxxxxxxxxxxxxxxxxxxxxxxxxxxxxxxxxxxxxxxxxxxxxxxxxxxxxxxxxxxxxxxxxxxxxxxxxxxxxxxxxxxxxxxxxxxxxxxxxxxxxxxxxxxxxxxxxxxxxxxxxxxxxxxxxxxxxxxxxxxxxxxxxxxxxxxxxxxxxxxxxxxxxxxxxxxxxxxxxxxxxxxxxxxxxxxxxxxxxxxxxxxxxxxxxxxxxxxxxxxxxxxxxxxxxxxxxxxxxxxxxxxxxxxxxxxxxxxxxxxxxxxxxxxxxxxxxxxxxxxxxxxxxxxxxxxxxxxxxxxxxxxxxxxxxxxxxxxxxxxxxxxxxxxxxxxxxxxxxxxxxxxxxxxxxxxxxxxxxxxxxxxxxxxxxxxxxxxxxxxxxxxxxxxxxxxxxxxxxxxxxxxxxxxxxxxxxxxxxxxxxxxxxxxxxxxxxxxxxxxxxxxxxxxxxxxxxxxxxxxxxxxxxxxxxxxxxxxxxxxxxxxxxxxxxxxxxxxxxxxxxxxxxxxxxxxxxxxxxxxxxxxxxxxxxxxxxxxxxxxxxxxxxxxxxxxxxxxxxxxxxxxxxxxxxxxxxxxxxxxxxxxxxxxxxxxxxxxxxxxxxxxxxxxxxxxxxxxxxxxxxxxxxxxxxxxxxxxxxxxxxxxxxxxxxxxxxxxxxxxxxxxxxxxxxxxxxxxxxxxxxxxxxxxxxxxxxxxxxxxxxxxxxxxxxxxxxxxxxxxxxxxxxxxxxxxxxxxxxxxxxxxxxxxxxxxxxxxxxxxxxxxxxxxxxxxxxxxxxxxxxxxxxxxxxxxxxxxxxxxxxxxxxxxxxxxxxxxxxxxxxxxxxxxxxxxxxxxxxxxxxxxxxxxxxxxxxxxxxxxxxxxxxxxxxxxxxxxxxxxxxxxxxxxxxxxxxxxxxxxxxxxxxxxxxxxxxxxxxxxxxxxxxxxxxxxxxxxxxxxxxxxxxxxxxxxxxxxxxxxxxxxxxxxxxxxxxxxxxxxxxxxxxxxxxxxxxxxxxxxxxxxxxxxxxxxxxxxxxxxxxxxxxxxxxxxxxxxxxxxxxxxxxxxxxxxxxxxxxxxxxxxxxxxxxxxxxxxxxxxxxxxxxxxxxxxxxxxxxxxxxxxxxxxxxxxxxxxxxxxxxxxxxxxxxxxxxxxxxxxxxxxxxxxxxxxxxxxxxxxxxxxxxxxxxxxxxxxxxxxxxxxxxxxxxxxxxxxxxxxxxxxxxxxxxxxxxxxxxxxxxxxxxxxxxxxxxxxxxxxxxxxxxxxxxxxxxxxxxxxxxxxxxxxxxxxxxxxxxxxxxxxxxxxxxxxxxxxxxxxxxxxxxxxxxxxxxxxxxxxxxxxxxxxxxxxxxxxxxxxxxxxxxxxxxxxxxxxxxxxxxxxxxxxxxxxxxxxxxxxxxxxxxxxxxxxxxxxxxxxxxxxxxxxxxxxxxxxxxxxxxxxxxxxxxxxxxxxxxxxxxxxxxxxxxxxxxxxxxxxxxxxxxxxxxxxxxxxxxxxxxxxxxxxxxxxxxxxxxxxxxxxxxxxxxxxxxxxxxxxxxxxxxxxxxxxxxxxxxxxxxxxxxxxxxxxxxxxxxxxxxxxxxxxxxxxxxxxxxxxxxxxxxxxxxxxxxxxxxxxxxxxxxxxxxxxxxxxxxxxxxxxxxxxxxxxxxxxxxxxxxxxxxxxxxxxxxxxxxxxxxxxxxxxxxxxxxxxxxxxxxxxxxxxxxxxxxxxxxxxxxxxxxxxxxxxxxxxxxxxxxxxxxxxxxxxxxxxxxxxxxxxxxxxxxxxxxxxxxxxxxxxxxxxxxxxxxxxxxxxxxxxxxxxxxxxxxxxxxxxxxxxxxxxxxxxxxxxxxxxxxxxxxxxxxxxxxxxxxxxxxxxxxxxxxxxxxxxxxxxxxxxxxxxxxxxxxxxxxxxxxxxxxxxxxxxxxxxxxxxxxxxxxxxxxxxxxxxxxxxxxxxxxxxxxxxxxxxxxxxxxxxxxxxxxxxxxxxxxxxxxxxxxxxxxxxxxxxxxxxxxxxxxxxxxxxxxxxxxxxxxxxxxxxxxxxxxxxxxxxxxxxxxxxxxxxxxxxxxxxxxxxxxxxxxxxxxxxxxxxxxxxxxxxxxxxxxxxxxxxxxxxxxxxxxxxxxxxxxxxxxxxxxxxxxxxxxxxxxxxxxxxxxxxxxxxxxxxxxxxxxxxxxxxxxxxxxxxxxxxxxxxxxxxxxxxxxxxxxxxxxxxxxxxxxxxxxxxxxxxxxxxxxxxxxxxxxxxxxxxxxxxxxxxxxxxxxxxxxxxxxxxxxxxxxxxxxxxxxxxxxxxxxxxxxxxxxxxxxxxxxxxxxxxxxxxxxxxxxxxxxxxxxxxxxxxxxxxxxxxxxxxxxxxxxxxxxxxxxxxxxxxxxxxxxxxxxxxxxxxxxxxxxxxxxxxxxxxxxxxxxxxxxxxxxxxxxxxxxxxxxxxxxxxxxxxxxxxxxxxxxxxxxxxxxxxxxxxxxxxxxxxxxxxxxxxxxxxxxxxxxxxxxxxxxxxxxxxxxxxxxxxxxxxxxxxxxxxxxxxxxxxxxxxxxxxxxxxxxxxxxxxxxxxxxxxxxxxxxxxxxxxxxxxxxxxxxxxxxxxxxxxxxxxxxxxxxxxxxxxxxxxxxxxxxxxxxxxxxxxxxxxxxxxxxxxxxxxxxxxxxxxxxxxxxxxxxxxxxxxxxxxxxxxxxxxxxxxxxxxxxxxxxxxxxxxxxxxxxxxxxxxxxxxxxxxxxxxxxxxxxxxxxxxxxxxxxxxxxxxxxxxxxxxxxxxxxxxxxxxxxxxxxxxxxxxxxxxxxxxxxxxxxxxxxxxxxxxxxxxxxxxxxxxxxxxxxxxxxxxxxxxxxxxxxxxxxxxxxxxxxxxxxxxxxxxxxxxxxxxxxxxxxxxxxxxxxxxxxxxxxxxxxxxxxxxxxxxxxxxxxxxxxxxxxxxxxxxxxxxxxxxxxxxxxxxxxxxxxxxxxxxxxxxx"
time=2026-03-10T08:09:29.734+02:00 level=INFO msg="Executing tool" component=dcp tool=general_chat confidence=0.5 query_hash=c59d3c04
2026/03/10 08:09:29 [DCP] Query result: I received your query: "xxxxxxxxxxxxxxxxxxxxxxxxxxxxxxxxxxxxxxxxxxxxxxxxxxxxxxxxxxxxxxxxxxxxxxxxxxxxxxxxxxxxxxxxxxxxxxxxxxxxxxxxxxxxxxxxxxxxxxxxxxxxxxxxxxxxxxxxxxxxxxxxxxxxxxxxxxxxxxxxxxxxxxxxxxxxxxxxxxxxxxxxxxxxxxxxxxxxxxxxxxxxxxxxxxxxxxxxxxxxxxxxxxxxxxxxxxxxxxxxxxxxxxxxxxxxxxxxxxxxxxxxxxxxxxxxxxxxxxxxxxxxxxxxxxxxxxxxxxxxxxxxxxxxxxxxxxxxxxxxxxxxxxxxxxxxxxxxxxxxxxxxxxxxxxxxxxxxxxxxxxxxxxxxxxxxxxxxxxxxxxxxxxxxxxxxxxxxxxxxxxxxxxxxxxxxxxxxxxxxxxxxxxxxxxxxxxxxxxxxxxxxxxxxxxxxxxxxxxxxxxxxxxxxxxxxxxxxxxxxxxxxxxxxxxxxxxxxxxxxxxxxxxxxxxxxxxxxxxxxxxxxxxxxxxxxxxxxxxxxxxxxxxxxxxxxxxxxxxxxxxxxxxxxxxxxxxxxxxxxxxxxxxxxxxxxxxxxxxxxxxxxxxxxxxxxxxxxxxxxxxxxxxxxxxxxxxxxxxxxxxxxxxxxxxxxxxxxxxxxxxxxxxxxxxxxxxxxxxxxxxxxxxxxxxxxxxxxxxxxxxxxxxxxxxxxxxxxxxxxxxxxxxxxxxxxxxxxxxxxxxxxxxxxxxxxxxxxxxxxxxxxxxxxxxxxxxxxxxxxxxxxxxxxxxxxxxxxxxxxxxxxxxxxxxxxxxxxxxxxxxxxxxxxxxxxxxxxxxxxxxxxxxxxxxxxxxxxxxxxxxxxxxxxxxxxxxxxxxxxxxxxxxxxxxxxxxxxxxxxxxxxxxxxxxxxxxxxxxxxxxxxxxxxxxxxxxxxxxxxxxxxxxxxxxxxxxxxxxxxxxxxxxxxxxxxxxxxxxxxxxxxxxxxxxxxxxxxxxxxxxxxxxxxxxxxxxxxxxxxxxxxxxxxxxxxxxxxxxxxxxxxxxxxxxxxxxxxxxxxxxxxxxxxxxxxxxxxxxxxxxxxxxxxxxxxxxxxxxxxxxxxxxxxxxxxxxxxxxxxxxxxxxxxxxxxxxxxxxxxxxxxxxxxxxxxxxxxxxxxxxxxxxxxxxxxxxxxxxxxxxxxxxxxxxxxxxxxxxxxxxxxxxxxxxxxxxxxxxxxxxxxxxxxxxxxxxxxxxxxxxxxxxxxxxxxxxxxxxxxxxxxxxxxxxxxxxxxxxxxxxxxxxxxxxxxxxxxxxxxxxxxxxxxxxxxxxxxxxxxxxxxxxxxxxxxxxxxxxxxxxxxxxxxxxxxxxxxxxxxxxxxxxxxxxxxxxxxxxxxxxxxxxxxxxxxxxxxxxxxxxxxxxxxxxxxxxxxxxxxxxxxxxxxxxxxxxxxxxxxxxxxxxxxxxxxxxxxxxxxxxxxxxxxxxxxxxxxxxxxxxxxxxxxxxxxxxxxxxxxxxxxxxxxxxxxxxxxxxxxxxxxxxxxxxxxxxxxxxxxxxxxxxxxxxxxxxxxxxxxxxxxxxxxxxxxxxxxxxxxxxxxxxxxxxxxxxxxxxxxxxxxxxxxxxxxxxxxxxxxxxxxxxxxxxxxxxxxxxxxxxxxxxxxxxxxxxxxxxxxxxxxxxxxxxxxxxxxxxxxxxxxxxxxxxxxxxxxxxxxxxxxxxxxxxxxxxxxxxxxxxxxxxxxxxxxxxxxxxxxxxxxxxxxxxxxxxxxxxxxxxxxxxxxxxxxxxxxxxxxxxxxxxxxxxxxxxxxxxxxxxxxxxxxxxxxxxxxxxxxxxxxxxxxxxxxxxxxxxxxxxxxxxxxxxxxxxxxxxxxxxxxxxxxxxxxxxxxxxxxxxxxxxxxxxxxxxxxxxxxxxxxxxxxxxxxxxxxxxxxxxxxxxxxxxxxxxxxxxxxxxxxxxxxxxxxxxxxxxxxxxxxxxxxxxxxxxxxxxxxxxxxxxxxxxxxxxxxxxxxxxxxxxxxxxxxxxxxxxxxxxxxxxxxxxxxxxxxxxxxxxxxxxxxxxxxxxxxxxxxxxxxxxxxxxxxxxxxxxxxxxxxxxxxxxxxxxxxxxxxxxxxxxxxxxxxxxxxxxxxxxxxxxxxxxxxxxxxxxxxxxxxxxxxxxxxxxxxxxxxxxxxxxxxxxxxxxxxxxxxxxxxxxxxxxxxxxxxxxxxxxxxxxxxxxxxxxxxxxxxxxxxxxxxxxxxxxxxxxxxxxxxxxxxxxxxxxxxxxxxxxxxxxxxxxxxxxxxxxxxxxxxxxxxxxxxxxxxxxxxxxxxxxxxxxxxxxxxxxxxxxxxxxxxxxxxxxxxxxxxxxxxxxxxxxxxxxxxxxxxxxxxxxxxxxxxxxxxxxxxxxxxxxxxxxxxxxxxxxxxxxxxxxxxxxxxxxxxxxxxxxxxxxxxxxxxxxxxxxxxxxxxxxxxxxxxxxxxxxxxxxxxxxxxxxxxxxxxxxxxxxxxxxxxxxxxxxxxxxxxxxxxxxxxxxxxxxxxxxxxxxxxxxxxxxxxxxxxxxxxxxxxxxxxxxxxxxxxxxxxxxxxxxxxxxxxxxxxxxxxxxxxxxxxxxxxxxxxxxxxxxxxxxxxxxxxxxxxxxxxxxxxxxxxxxxxxxxxxxxxxxxxxxxxxxxxxxxxxxxxxxxxxxxxxxxxxxxxxxxxxxxxxxxxxxxxxxxxxxxxxxxxxxxxxxxxxxxxxxxxxxxxxxxxxxxxxxxxxxxxxxxxxxxxxxxxxxxxxxxxxxxxxxxxxxxxxxxxxxxxxxxxxxxxxxxxxxxxxxxxxxxxxxxxxxxxxxxxxxxxxxxxxxxxxxxxxxxxxxxxxxxxxxxxxxxxxxxxxxxxxxxxxxxxxxxxxxxxxxxxxxxxxxxxxxxxxxxxxxxxxxxxxxxxxxxxxxxxxxxxxxxxxxxxxxxxxxxxxxxxxxxxxxxxxxxxxxxxxxxxxxxxxxxxxxxxxxxxxxxxxxxxxxxxxxxxxxxxxxxxxxxxxxxxxxxxxxxxxxxxxxxxxxxxxxxxxxxxxxxxxxxxxxxxxxxxxxxxxxxxxxxxxxxxxxxxxxxxxxxxxxxxxxxxxxxxxxxxxxxxxxxxxxxxxxxxxxxxxxxxxxxxxxxxxxxxxxxxxxxxxxxxxxxxxxxxxxxxxxxxxxxxxxxxxxxxxxxxxxxxxxxxxxxxxxxxxxxxxxxxxxxxxxxxxxxxxxxxxxxxxxxxxxxxxxxxxxxxxxxxxxxxxxxxxxxxxxxxxxxxxxxxxxxxxxxxxxxxxxxxxxxxxxxxxxxxxxxxxxxxxxxxxxxxxxxxxxxxxxxxxxxxxxxxxxxxxxxxxxxxxxxxxxxxxxxxxxxxxxxxxxxxxxxxxxxxxxxxxxxxxxxxxxxxxxxxxxxxxxxxxxxxxxxxxxxxxxxxxxxxxxxxxxxxxxxxxxxxxxxxxxxxxxxxxxxxxxxxxxxxxxxxxxxxxxxxxxxxxxxxxxxxxxxxxxxxxxxxxxxxxxxxxxxxxxxxxxxxxxxxxxxxxxxxxxxxxxxxxxxxxxxxxxxxxxxxxxxxxxxxxxxxxxxxxxxxxxxxxxxxxxxxxxxxxxxxxxxxxxxxxxxxxxxxxxxxxxxxxxxxxxxxxxxxxxxxxxxxxxxxxxxxxxxxxxxxxxxxxxxxxxxxxxxxxxxxxxxxxxxxxxxxxxxxxxxxxxxxxxxxxxxxxxxxxxxxxxxxxxxxxxxxxxxxxxxxxxxxxxxxxxxxxxxxxxxxxxxxxxxxxxxxxxxxxxxxxxxxxxxxxxxxxxxxxxxxxxxxxxxxxxxxxxxxxxxxxxxxxxxxxxxxxxxxxxxxxxxxxxxxxxxxxxxxxxxxxxxxxxxxxxxxxxxxxxxxxxxxxxxxxxxxxxxxxxxxxxxxxxxxxxxxxxxxxxxxxxxxxxxxxxxxxxxxxxxxxxxxxxxxxxxxxxxxxxxxxxxxxxxxxxxxxxxxxxxxxxxxxxxxxxxxxxxxxxxxxxxxxxxxxxxxxxxxxxxxxxxxxxxxxxxxxxxxxxxxxxxxxxxxxxxxxxxxxxxxxxxxxxxxxxxxxxxxxxxxxxxxxxxxxxxxxxxxxxxxxxxxxxxxxxxxxxxxxxxxxxxxxxxxxxxxxxxxxxxxxxxxxxxxxxxxxxxxxxxxxxxxxxxxxxxxxxxxxxxxxxxxxxxxxxxxxxxxxxxxxxxxxxxxxxxxxxxxxxxxxxxxxxxxxxxxxxxxxxxxxxxxxxxxxxxxxxxxxxxxxxxxxxxxxxxxxxxxxxxxxxxxxxxxxxxxxxxxxxxxxxxxxxxxxxxxxxxxxxxxxxxxxxxxxxxxxxxxxxxxxxxxxxxxxxxxxxxxxxxxxxxxxxxxxxxxxxxxxxxxxxxxxxxxxxxxxxxxxxxxxxxxxxxxxxxxxxxxxxxxxxxxxxxxxxxxxxxxxxxxxxxxxxxxxxxxxxxxxxxxxxxxxxxxxxxxxxxxxxxxxxxxxxxxxxxxxxxxxxxxxxxxxxxxxxxxxxxxxxxxxxxxxxxxxxxxxxxxxxxxxxxxxxxxxxxxxxxxxxxxxxxxxxxxxxxxxxxxxxxxxxxxxxxxxxxxxxxxxxxxxxxxxxxxxxxxxxxxxxxxxxxxxxxxxxxxxxxxxxxxxxxxxxxxxxxxxxxxxxxxxxxxxxxxxxxxxxxxxxxxxxxxxxxxxxxxxxxxxxxxxxxxxxxxxxxxxxxxxxxxxxxxxxxxxxxxxxxxxxxxxxxxxxxxxxxxxxxxxxxxxxxxxxxxxxxxxxxxxxxxxxxxxxxxxxxxxxxxxxxxxxxxxxxxxxxxxxxxxxxxxxxxxxxxxxxxxxxxxxxxxxxxxxxxxxxxxxxxxxxxxxxxxxxxxxxxxxxxxxxxxxxxxxxxxxxxxxxxxxxxxxxxxxxxxxxxxxxxxxxxxxxxxxxxxxxxxxxxxxxxxxxxxxxxxxxxxxxxxxxxxxxxxxxxxxxxxxxxxxxxxxxxxxxxxxxxxxxxxxxxxxxxxxxx". I'm currently in a limited local-only mode. For complex task execution, use the 'openexec run' command.
--- PASS: TestIntegrationCLIChatNoConfidenceErrors (0.00s)
    --- PASS: TestIntegrationCLIChatNoConfidenceErrors/#00 (0.00s)
    --- PASS: TestIntegrationCLIChatNoConfidenceErrors/___ (0.00s)
    --- PASS: TestIntegrationCLIChatNoConfidenceErrors/a (0.00s)
    --- PASS: TestIntegrationCLIChatNoConfidenceErrors/你好 (0.00s)
    --- PASS: TestIntegrationCLIChatNoConfidenceErrors/!@#$% (0.00s)
    --- PASS: TestIntegrationCLIChatNoConfidenceErrors/{"json":_"object"} (0.00s)
    --- PASS: TestIntegrationCLIChatNoConfidenceErrors/deploy_commit_push (0.00s)
    --- PASS: TestIntegrationCLIChatNoConfidenceErrors/xxxxxxxxxxxxxxxxxxxx... (0.00s)
=== RUN   TestDCPQueryErrorIntegration
2026/03/10 08:09:29 [Watchdog] Started monitoring with stall threshold 5m0s
2026/03/10 08:09:29 [DCP] Received query: "trigger error"
2026/03/10 08:09:29 [DCP] Query error: intent routing failed: simulated parsing failure
--- PASS: TestDCPQueryErrorIntegration (0.00s)
FAIL
FAIL	github.com/openexec/openexec/internal/server	0.691s
FAIL
